#
# There is insufficient memory for the Java Runtime Environment to continue.
# Native memory allocation (malloc) failed to allocate 1048576 bytes. Error detail: AllocateHeap
# Possible reasons:
#   The system is out of physical RAM or swap space
#   This process is running with CompressedOops enabled, and the Java Heap may be blocking the growth of the native heap
# Possible solutions:
#   Reduce memory load on the system
#   Increase physical memory or swap space
#   Check if swap backing store is full
#   Decrease Java heap size (-Xmx/-Xms)
#   Decrease number of Java threads
#   Decrease Java thread stack sizes (-Xss)
#   Set larger code cache with -XX:ReservedCodeCacheSize=
#   JVM is running with Unscaled Compressed Oops mode in which the Java heap is
#     placed in the first 4GB address space. The Java Heap base address is the
#     maximum limit for the native heap growth. Please use -XX:HeapBaseMinAddress
#     to set the Java Heap base and to place the Java Heap above 4GB virtual address.
# This output file may be truncated or incomplete.
#
#  Out of Memory Error (allocation.cpp:44), pid=29260, tid=44360
#
# JRE version: OpenJDK Runtime Environment Temurin-21.0.11+10 (21.0.11+10) (build 21.0.11+10-LTS)
# Java VM: OpenJDK 64-Bit Server VM Temurin-21.0.11+10 (21.0.11+10-LTS, mixed mode, sharing, tiered, compressed oops, compressed class ptrs, parallel gc, windows-amd64)
# No core dump will be written. Minidumps are not enabled by default on client versions of Windows
#

---------------  S U M M A R Y ------------

Command Line: --add-modules=ALL-SYSTEM --add-opens=java.base/java.util=ALL-UNNAMED --add-opens=java.base/java.lang=ALL-UNNAMED --add-opens=java.base/sun.nio.fs=ALL-UNNAMED -Declipse.application=org.eclipse.jdt.ls.core.id1 -Dosgi.bundles.defaultStartLevel=4 -Declipse.product=org.eclipse.jdt.ls.core.product -Djava.import.generatesMetadataFilesAtProjectRoot=false -DDetectVMInstallationsJob.disabled=true -Dfile.encoding=utf8 -XX:+UseParallelGC -XX:GCTimeRatio=4 -XX:AdaptiveSizePolicyWeight=90 -Dsun.zip.disableMemoryMapping=true -Xmx2G -Xms100m -Xlog:disable -javaagent:c:\Users\aniket.sharma\.antigravity-ide\extensions\redhat.java-1.55.0-win32-x64\lombok\lombok-1.18.39-4050.jar -XX:+HeapDumpOnOutOfMemoryError -XX:HeapDumpPath=c:\Users\aniket.sharma\AppData\Roaming\Antigravity IDE\User\workspaceStorage\e836666844574c601d2f17efaa29c91f\redhat.java -Daether.dependencyCollector.impl=bf c:\Users\aniket.sharma\.antigravity-ide\extensions\redhat.java-1.55.0-win32-x64\server\plugins\org.eclipse.equinox.launcher_1.7.200.v20260619-2039.jar -configuration c:\Users\aniket.sharma\AppData\Roaming\Antigravity IDE\User\globalStorage\redhat.java\1.55.0\config_win -data c:\Users\aniket.sharma\AppData\Roaming\Antigravity IDE\User\workspaceStorage\e836666844574c601d2f17efaa29c91f\redhat.java\jdt_ws --pipe=\\.\pipe\lsp-75fe1dd20d014497ae89302492bd1d93-sock

Host: 13th Gen Intel(R) Core(TM) i5-1345U, 12 cores, 15G,  Windows 11 , 64 bit Build 26100 (10.0.26100.7705)
Time: Sun Jul 12 21:27:46 2026 India Standard Time elapsed time: 2129.626640 seconds (0d 0h 35m 29s)

---------------  T H R E A D  ---------------

Current thread (0x00000186a9f0a970):  JavaThread "Attach Listener" daemon [_thread_in_vm, id=44360, stack(0x00000006ae500000,0x00000006ae600000) (1024K)]

Stack: [0x00000006ae500000,0x00000006ae600000]
Native frames: (J=compiled Java code, j=interpreted, Vv=VM code, C=native code)
V  [jvm.dll+0x6d7e19]
V  [jvm.dll+0x8b5096]
V  [jvm.dll+0x8b764e]
V  [jvm.dll+0x8b7d33]
V  [jvm.dll+0x284596]
V  [jvm.dll+0xc13c7]
V  [jvm.dll+0x6d86c9]
V  [jvm.dll+0x133616]
V  [jvm.dll+0x3f868e]
V  [jvm.dll+0x85fb0d]
V  [jvm.dll+0x6d664d]
C  [ucrtbase.dll+0x37b0]
C  [KERNEL32.DLL+0x2e8d7]
C  [ntdll.dll+0x8c40c]


---------------  P R O C E S S  ---------------

Threads class SMR info:
_java_thread_list=0x0000018709e4f5c0, length=42, elements={
0x00000186a9f69010, 0x00000186a9f02020, 0x00000186a9f05fd0, 0x00000186a9f09900,
0x00000186a9f0a970, 0x00000186a9f0c890, 0x0000018702cf1fd0, 0x0000018702cfa360,
0x0000018702d045c0, 0x0000018702ee4b90, 0x0000018702ee4500, 0x0000018702ee65d0,
0x0000018702ee5220, 0x0000018702ee6c60, 0x0000018702ee37e0, 0x0000018702ee58b0,
0x0000018702ee3e70, 0x0000018702ee5f40, 0x00000187091978e0, 0x0000018709199320,
0x0000018709198600, 0x0000018709197250, 0x000001870919ad60, 0x000001870919b3f0,
0x000001870919c110, 0x000001870919ba80, 0x0000018709198c90, 0x000001870919c7a0,
0x000001870919e1e0, 0x000001870919ce30, 0x000001870919db50, 0x000001870919d4c0,
0x000001870919e870, 0x000001870b263ab0, 0x000001870b266210, 0x000001870b2647d0,
0x000001870b2668a0, 0x000001870b265b80, 0x000001870b269d20, 0x000001870b266f30,
0x000001870b269000, 0x000001870a028800
}

Java Threads: ( => current thread )
  0x00000186a9f69010 JavaThread "main"                              [_thread_blocked, id=29100, stack(0x00000006ade00000,0x00000006adf00000) (1024K)]
  0x00000186a9f02020 JavaThread "Reference Handler"          daemon [_thread_blocked, id=51764, stack(0x00000006ae200000,0x00000006ae300000) (1024K)]
  0x00000186a9f05fd0 JavaThread "Finalizer"                  daemon [_thread_blocked, id=44252, stack(0x00000006ae300000,0x00000006ae400000) (1024K)]
  0x00000186a9f09900 JavaThread "Signal Dispatcher"          daemon [_thread_blocked, id=18952, stack(0x00000006ae400000,0x00000006ae500000) (1024K)]
=>0x00000186a9f0a970 JavaThread "Attach Listener"            daemon [_thread_in_vm, id=44360, stack(0x00000006ae500000,0x00000006ae600000) (1024K)]
  0x00000186a9f0c890 JavaThread "Service Thread"             daemon [_thread_blocked, id=33900, stack(0x00000006ae600000,0x00000006ae700000) (1024K)]
  0x0000018702cf1fd0 JavaThread "Monitor Deflation Thread"   daemon [_thread_blocked, id=51300, stack(0x00000006ae700000,0x00000006ae800000) (1024K)]
  0x0000018702cfa360 JavaThread "C2 CompilerThread0"         daemon [_thread_blocked, id=41364, stack(0x00000006ae800000,0x00000006ae900000) (1024K)]
  0x0000018702d045c0 JavaThread "C1 CompilerThread0"         daemon [_thread_blocked, id=23616, stack(0x00000006ae900000,0x00000006aea00000) (1024K)]
  0x0000018702ee4b90 JavaThread "Common-Cleaner"             daemon [_thread_blocked, id=57088, stack(0x00000006aeb00000,0x00000006aec00000) (1024K)]
  0x0000018702ee4500 JavaThread "Notification Thread"        daemon [_thread_blocked, id=26808, stack(0x00000006aec00000,0x00000006aed00000) (1024K)]
  0x0000018702ee65d0 JavaThread "Active Thread: Equinox Container: 7ff7439d-ddb7-4762-b5dd-ae73b5d5b324"        [_thread_blocked, id=48904, stack(0x00000006af400000,0x00000006af500000) (1024K)]
  0x0000018702ee5220 JavaThread "Refresh Thread: Equinox Container: 7ff7439d-ddb7-4762-b5dd-ae73b5d5b324" daemon [_thread_blocked, id=47280, stack(0x00000006af500000,0x00000006af600000) (1024K)]
  0x0000018702ee6c60 JavaThread "Framework Event Dispatcher: Equinox Container: 7ff7439d-ddb7-4762-b5dd-ae73b5d5b324" daemon [_thread_blocked, id=55376, stack(0x00000006af600000,0x00000006af700000) (1024K)]
  0x0000018702ee37e0 JavaThread "Start Level: Equinox Container: 7ff7439d-ddb7-4762-b5dd-ae73b5d5b324" daemon [_thread_blocked, id=44868, stack(0x00000006af700000,0x00000006af800000) (1024K)]
  0x0000018702ee58b0 JavaThread "Bundle File Closer"         daemon [_thread_blocked, id=50580, stack(0x00000006afb00000,0x00000006afc00000) (1024K)]
  0x0000018702ee3e70 JavaThread "SCR Component Actor"        daemon [_thread_blocked, id=29356, stack(0x00000006aea00000,0x00000006aeb00000) (1024K)]
  0x0000018702ee5f40 JavaThread "Worker-JM"                         [_thread_blocked, id=20896, stack(0x00000006afc00000,0x00000006afd00000) (1024K)]
  0x00000187091978e0 JavaThread "JNA Cleaner"                daemon [_thread_blocked, id=19620, stack(0x00000006af800000,0x00000006af900000) (1024K)]
  0x0000018709199320 JavaThread "Java indexing"              daemon [_thread_blocked, id=43760, stack(0x00000006b0100000,0x00000006b0200000) (1024K)]
  0x0000018709198600 JavaThread "Worker-4"                          [_thread_blocked, id=44064, stack(0x00000006b0600000,0x00000006b0700000) (1024K)]
  0x0000018709197250 JavaThread "Thread-1"                   daemon [_thread_in_native, id=53380, stack(0x00000006b0700000,0x00000006b0800000) (1024K)]
  0x000001870919ad60 JavaThread "Thread-2"                   daemon [_thread_in_native, id=48500, stack(0x00000006b0800000,0x00000006b0900000) (1024K)]
  0x000001870919b3f0 JavaThread "Thread-3"                   daemon [_thread_in_native, id=57156, stack(0x00000006b0900000,0x00000006b0a00000) (1024K)]
  0x000001870919c110 JavaThread "Thread-4"                   daemon [_thread_in_native, id=46316, stack(0x00000006b0a00000,0x00000006b0b00000) (1024K)]
  0x000001870919ba80 JavaThread "Thread-5"                   daemon [_thread_in_native, id=34860, stack(0x00000006b0b00000,0x00000006b0c00000) (1024K)]
  0x0000018709198c90 JavaThread "Thread-6"                   daemon [_thread_in_native, id=41688, stack(0x00000006b0c00000,0x00000006b0d00000) (1024K)]
  0x000001870919c7a0 JavaThread "Thread-7"                   daemon [_thread_in_native, id=43308, stack(0x00000006b0d00000,0x00000006b0e00000) (1024K)]
  0x000001870919e1e0 JavaThread "Thread-8"                   daemon [_thread_in_native, id=47124, stack(0x00000006b0e00000,0x00000006b0f00000) (1024K)]
  0x000001870919ce30 JavaThread "Thread-9"                   daemon [_thread_in_native, id=2092, stack(0x00000006b0f00000,0x00000006b1000000) (1024K)]
  0x000001870919db50 JavaThread "Thread-10"                  daemon [_thread_in_native, id=34496, stack(0x00000006b1000000,0x00000006b1100000) (1024K)]
  0x000001870919d4c0 JavaThread "Thread-11"                  daemon [_thread_in_native, id=41456, stack(0x00000006b1100000,0x00000006b1200000) (1024K)]
  0x000001870919e870 JavaThread "Thread-12"                  daemon [_thread_in_native, id=42756, stack(0x00000006b1200000,0x00000006b1300000) (1024K)]
  0x000001870b263ab0 JavaThread "Thread-13"                  daemon [_thread_in_native, id=55956, stack(0x00000006b1300000,0x00000006b1400000) (1024K)]
  0x000001870b266210 JavaThread "pool-2-thread-1"                   [_thread_blocked, id=43440, stack(0x00000006b1400000,0x00000006b1500000) (1024K)]
  0x000001870b2647d0 JavaThread "WorkspaceEventsHandler"            [_thread_blocked, id=31428, stack(0x00000006b1600000,0x00000006b1700000) (1024K)]
  0x000001870b2668a0 JavaThread "pool-1-thread-1"                   [_thread_blocked, id=56740, stack(0x00000006b1700000,0x00000006b1800000) (1024K)]
  0x000001870b265b80 JavaThread "PatternSearchJob-worker-2"  daemon [_thread_blocked, id=30068, stack(0x00000006b1900000,0x00000006b1a00000) (1024K)]
  0x000001870b269d20 JavaThread "PatternSearchJob-worker-6"  daemon [_thread_blocked, id=44844, stack(0x00000006b1d00000,0x00000006b1e00000) (1024K)]
  0x000001870b266f30 JavaThread "PatternSearchJob-worker-8"  daemon [_thread_blocked, id=53084, stack(0x00000006b1f00000,0x00000006b2000000) (1024K)]
  0x000001870b269000 JavaThread "PatternSearchJob-worker-10" daemon [_thread_blocked, id=49268, stack(0x00000006b2100000,0x00000006b2200000) (1024K)]
  0x000001870a028800 JavaThread "Worker-5"                          [_thread_blocked, id=27188, stack(0x00000006adc00000,0x00000006add00000) (1024K)]
Total: 42

Other Threads:
  0x00000186a9ef1ba0 VMThread "VM Thread"                           [id=56796, stack(0x00000006ae100000,0x00000006ae200000) (1024K)]
  0x00000186a9deca00 WatcherThread "VM Periodic Task Thread"        [id=44748, stack(0x00000006ae000000,0x00000006ae100000) (1024K)]
  0x00000186a9f89330 WorkerThread "GC Thread#0"                     [id=48472, stack(0x00000006adf00000,0x00000006ae000000) (1024K)]
  0x000001870861e3b0 WorkerThread "GC Thread#1"                     [id=55804, stack(0x00000006aee00000,0x00000006aef00000) (1024K)]
  0x00000187089c04d0 WorkerThread "GC Thread#2"                     [id=2040, stack(0x00000006aef00000,0x00000006af000000) (1024K)]
  0x0000018708857a30 WorkerThread "GC Thread#3"                     [id=7020, stack(0x00000006af000000,0x00000006af100000) (1024K)]
  0x0000018708857de0 WorkerThread "GC Thread#4"                     [id=32520, stack(0x00000006af100000,0x00000006af200000) (1024K)]
  0x000001870827cea0 WorkerThread "GC Thread#5"                     [id=55996, stack(0x00000006af200000,0x00000006af300000) (1024K)]
  0x000001870827d250 WorkerThread "GC Thread#6"                     [id=53180, stack(0x00000006af300000,0x00000006af400000) (1024K)]
  0x000001870874ba10 WorkerThread "GC Thread#7"                     [id=39716, stack(0x00000006aed00000,0x00000006aee00000) (1024K)]
  0x0000018708f383b0 WorkerThread "GC Thread#8"                     [id=45440, stack(0x00000006af900000,0x00000006afa00000) (1024K)]
  0x0000018708f38760 WorkerThread "GC Thread#9"                     [id=52936, stack(0x00000006afa00000,0x00000006afb00000) (1024K)]
Total: 12

Threads with active compile tasks:
Total: 0

VM state: not at safepoint (normal execution)

VM Mutex/Monitor currently owned by a thread: None

Heap address: 0x0000000080000000, size: 2048 MB, Compressed Oops mode: 32-bit

CDS archive(s) mapped at: [0x00000186c1000000-0x00000186c1ba0000-0x00000186c1ba0000), size 12189696, SharedBaseAddress: 0x00000186c1000000, ArchiveRelocationMode: 1.
Compressed class space mapped at: 0x00000186c2000000-0x0000018702000000, reserved size: 1073741824
Narrow klass base: 0x00000186c1000000, Narrow klass shift: 0, Narrow klass range: 0x100000000

GC Precious Log:
 CardTable entry size: 512
 CPUs: 12 total, 12 available
 Memory: 16068M
 Large Page Support: Disabled
 NUMA Support: Disabled
 Compressed Oops: Enabled (32-bit)
 Alignments: Space 512K, Generation 512K, Heap 2M
 Heap Min Capacity: 100M
 Heap Initial Capacity: 100M
 Heap Max Capacity: 2G
 Pre-touch: Disabled
 Parallel Workers: 10

Heap:
 PSYoungGen      total 19968K, used 16091K [0x00000000d5580000, 0x00000000d6c00000, 0x0000000100000000)
  eden space 18944K, 81% used [0x00000000d5580000,0x00000000d647ee98,0x00000000d6800000)
  from space 1024K, 71% used [0x00000000d6b00000,0x00000000d6bb8000,0x00000000d6c00000)
  to   space 1024K, 0% used [0x00000000d6900000,0x00000000d6900000,0x00000000d6a00000)
 ParOldGen       total 83456K, used 83010K [0x0000000080000000, 0x0000000085180000, 0x00000000d5580000)
  object space 83456K, 99% used [0x0000000080000000,0x0000000085110868,0x0000000085180000)
 Metaspace       used 68405K, committed 70016K, reserved 1114112K
  class space    used 7449K, committed 8192K, reserved 1048576K

Card table byte_map: [0x00000186a9900000,0x00000186a9d10000] _byte_map_base: 0x00000186a9500000

Marking Bits: (ParMarkBitMap*) 0x00007ffb0b314460
 Begin Bits: [0x00000186bc410000, 0x00000186be410000)
 End Bits:   [0x00000186be410000, 0x00000186c0410000)

Polling page: 0x00000186a7a80000

Metaspace:

Usage:
  Non-class:     59.53 MB used.
      Class:      7.27 MB used.
       Both:     66.80 MB used.

Virtual space:
  Non-class space:       64.00 MB reserved,      60.38 MB ( 94%) committed,  1 nodes.
      Class space:        1.00 GB reserved,       8.00 MB ( <1%) committed,  1 nodes.
             Both:        1.06 GB reserved,      68.38 MB (  6%) committed. 

Chunk freelists:
   Non-Class:  3.50 MB
       Class:  8.05 MB
        Both:  11.56 MB

MaxMetaspaceSize: unlimited
CompressedClassSpaceSize: 1.00 GB
Initial GC threshold: 21.00 MB
Current GC threshold: 98.12 MB
CDS: on
 - commit_granule_bytes: 65536.
 - commit_granule_words: 8192.
 - virtual_space_node_default_size: 8388608.
 - enlarge_chunks_in_place: 1.
 - use_allocation_guard: 0.


Internal statistics:

num_allocs_failed_limit: 13.
num_arena_births: 1288.
num_arena_deaths: 14.
num_vsnodes_births: 2.
num_vsnodes_deaths: 0.
num_space_committed: 1094.
num_space_uncommitted: 0.
num_chunks_returned_to_freelist: 27.
num_chunks_taken_from_freelist: 4413.
num_chunk_merges: 14.
num_chunk_splits: 2657.
num_chunks_enlarged: 1399.
num_inconsistent_stats: 0.

CodeHeap 'non-profiled nmethods': size=120000Kb used=6951Kb max_used=6951Kb free=113048Kb
 bounds [0x00000186b4c30000, 0x00000186b5300000, 0x00000186bc160000]
CodeHeap 'profiled nmethods': size=120000Kb used=23123Kb max_used=23123Kb free=96877Kb
 bounds [0x00000186ad160000, 0x00000186ae800000, 0x00000186b4690000]
CodeHeap 'non-nmethods': size=5760Kb used=1464Kb max_used=1540Kb free=4295Kb
 bounds [0x00000186b4690000, 0x00000186b4900000, 0x00000186b4c30000]
CodeCache: size=245760Kb, used=31538Kb, max_used=31614Kb, free=214220Kb
 total_blobs=11321, nmethods=10541, adapters=685, full_count=0
Compilation: enabled, stopped_count=0, restarted_count=0

Compilation events (20 events):
Event: 1812.617 Thread 0x0000018702d045c0 11350       3       java.util.concurrent.ScheduledThreadPoolExecutor::triggerTime (22 bytes)
Event: 1812.618 Thread 0x0000018702d045c0 nmethod 11350 0x00000186ae7f1810 code [0x00000186ae7f19c0, 0x00000186ae7f1ba0]
Event: 1812.619 Thread 0x0000018702d045c0 11351       3       java.util.concurrent.ScheduledThreadPoolExecutor$DelayedWorkQueue::add (9 bytes)
Event: 1812.623 Thread 0x0000018702d045c0 nmethod 11351 0x00000186ae7f1c90 code [0x00000186ae7f1e60, 0x00000186ae7f2138]
Event: 1812.623 Thread 0x0000018702d045c0 11352       3       java.util.concurrent.ScheduledThreadPoolExecutor$DelayedWorkQueue::add (6 bytes)
Event: 1812.623 Thread 0x0000018702d045c0 nmethod 11352 0x00000186ae7f2210 code [0x00000186ae7f23c0, 0x00000186ae7f2518]
Event: 1832.631 Thread 0x0000018702d045c0 11353       3       java.util.concurrent.ScheduledThreadPoolExecutor$ScheduledFutureTask::run (57 bytes)
Event: 1832.635 Thread 0x0000018702d045c0 nmethod 11353 0x00000186ae7f2610 code [0x00000186ae7f2840, 0x00000186ae7f2db0]
Event: 1832.635 Thread 0x0000018702d045c0 11354       3       java.util.concurrent.locks.AbstractQueuedSynchronizer$ConditionObject::enableWait (84 bytes)
Event: 1832.635 Thread 0x0000018702d045c0 nmethod 11354 0x00000186ae7f2f90 code [0x00000186ae7f31a0, 0x00000186ae7f37d8]
Event: 1832.635 Thread 0x0000018702d045c0 11355       3       java.util.concurrent.locks.AbstractQueuedSynchronizer$Node::setStatusRelaxed (12 bytes)
Event: 1832.636 Thread 0x0000018702d045c0 nmethod 11355 0x00000186ae7f3a10 code [0x00000186ae7f3ba0, 0x00000186ae7f3cb8]
Event: 2032.793 Thread 0x0000018702cfa360 11356       4       java.lang.invoke.VarHandleGuards::guard_LLL_Z (86 bytes)
Event: 2032.826 Thread 0x0000018702cfa360 nmethod 11356 0x00000186b52f9210 code [0x00000186b52f9400, 0x00000186b52f9848]
Event: 2102.301 Thread 0x0000018702d045c0 11357       1       org.eclipse.osgi.internal.framework.EquinoxContainer::getStorage (5 bytes)
Event: 2102.304 Thread 0x0000018702d045c0 nmethod 11357 0x00000186b52f9c90 code [0x00000186b52f9e20, 0x00000186b52f9ee8]
Event: 2108.143 Thread 0x0000018702d045c0 11358       3       org.eclipse.core.internal.dtree.AbstractDataTreeNode::storeStrings (42 bytes)
Event: 2108.150 Thread 0x0000018702d045c0 nmethod 11358 0x00000186ae7f3d90 code [0x00000186ae7f3f60, 0x00000186ae7f42d8]
Event: 2108.150 Thread 0x0000018702d045c0 11359       3       org.eclipse.core.internal.dtree.DataTreeNode::storeStrings (28 bytes)
Event: 2108.153 Thread 0x0000018702d045c0 nmethod 11359 0x00000186ae7f4490 code [0x00000186ae7f4660, 0x00000186ae7f4ae0]

GC Heap History (20 events):
Event: 21.889 GC heap before
{Heap before GC invocations=74 (full 3):
 PSYoungGen      total 21504K, used 21120K [0x00000000d5580000, 0x00000000d6c80000, 0x0000000100000000)
  eden space 19968K, 100% used [0x00000000d5580000,0x00000000d6900000,0x00000000d6900000)
  from space 1536K, 75% used [0x00000000d6b00000,0x00000000d6c20000,0x00000000d6c80000)
  to   space 1536K, 0% used [0x00000000d6980000,0x00000000d6980000,0x00000000d6b00000)
 ParOldGen       total 73728K, used 73609K [0x0000000080000000, 0x0000000084800000, 0x00000000d5580000)
  object space 73728K, 99% used [0x0000000080000000,0x00000000847e2690,0x0000000084800000)
 Metaspace       used 62931K, committed 64448K, reserved 1114112K
  class space    used 6869K, committed 7488K, reserved 1048576K
}
Event: 21.892 GC heap after
{Heap after GC invocations=74 (full 3):
 PSYoungGen      total 20992K, used 928K [0x00000000d5580000, 0x00000000d6c00000, 0x0000000100000000)
  eden space 19968K, 0% used [0x00000000d5580000,0x00000000d5580000,0x00000000d6900000)
  from space 1024K, 90% used [0x00000000d6980000,0x00000000d6a68000,0x00000000d6a80000)
  to   space 1536K, 0% used [0x00000000d6a80000,0x00000000d6a80000,0x00000000d6c00000)
 ParOldGen       total 74752K, used 74289K [0x0000000080000000, 0x0000000084900000, 0x00000000d5580000)
  object space 74752K, 99% used [0x0000000080000000,0x000000008488c690,0x0000000084900000)
 Metaspace       used 62931K, committed 64448K, reserved 1114112K
  class space    used 6869K, committed 7488K, reserved 1048576K
}
Event: 21.933 GC heap before
{Heap before GC invocations=75 (full 3):
 PSYoungGen      total 20992K, used 20896K [0x00000000d5580000, 0x00000000d6c00000, 0x0000000100000000)
  eden space 19968K, 100% used [0x00000000d5580000,0x00000000d6900000,0x00000000d6900000)
  from space 1024K, 90% used [0x00000000d6980000,0x00000000d6a68000,0x00000000d6a80000)
  to   space 1536K, 0% used [0x00000000d6a80000,0x00000000d6a80000,0x00000000d6c00000)
 ParOldGen       total 74752K, used 74289K [0x0000000080000000, 0x0000000084900000, 0x00000000d5580000)
  object space 74752K, 99% used [0x0000000080000000,0x000000008488c690,0x0000000084900000)
 Metaspace       used 62960K, committed 64448K, reserved 1114112K
  class space    used 6869K, committed 7488K, reserved 1048576K
}
Event: 21.935 GC heap after
{Heap after GC invocations=75 (full 3):
 PSYoungGen      total 20992K, used 800K [0x00000000d5580000, 0x00000000d6b80000, 0x0000000100000000)
  eden space 19968K, 0% used [0x00000000d5580000,0x00000000d5580000,0x00000000d6900000)
  from space 1024K, 78% used [0x00000000d6a80000,0x00000000d6b48000,0x00000000d6b80000)
  to   space 1024K, 0% used [0x00000000d6980000,0x00000000d6980000,0x00000000d6a80000)
 ParOldGen       total 75264K, used 74761K [0x0000000080000000, 0x0000000084980000, 0x00000000d5580000)
  object space 75264K, 99% used [0x0000000080000000,0x0000000084902690,0x0000000084980000)
 Metaspace       used 62960K, committed 64448K, reserved 1114112K
  class space    used 6869K, committed 7488K, reserved 1048576K
}
Event: 21.974 GC heap before
{Heap before GC invocations=76 (full 3):
 PSYoungGen      total 20992K, used 20768K [0x00000000d5580000, 0x00000000d6b80000, 0x0000000100000000)
  eden space 19968K, 100% used [0x00000000d5580000,0x00000000d6900000,0x00000000d6900000)
  from space 1024K, 78% used [0x00000000d6a80000,0x00000000d6b48000,0x00000000d6b80000)
  to   space 1024K, 0% used [0x00000000d6980000,0x00000000d6980000,0x00000000d6a80000)
 ParOldGen       total 75264K, used 74761K [0x0000000080000000, 0x0000000084980000, 0x00000000d5580000)
  object space 75264K, 99% used [0x0000000080000000,0x0000000084902690,0x0000000084980000)
 Metaspace       used 62973K, committed 64448K, reserved 1114112K
  class space    used 6870K, committed 7488K, reserved 1048576K
}
Event: 21.977 GC heap after
{Heap after GC invocations=76 (full 3):
 PSYoungGen      total 20992K, used 864K [0x00000000d5580000, 0x00000000d6b00000, 0x0000000100000000)
  eden space 19968K, 0% used [0x00000000d5580000,0x00000000d5580000,0x00000000d6900000)
  from space 1024K, 84% used [0x00000000d6980000,0x00000000d6a58000,0x00000000d6a80000)
  to   space 512K, 0% used [0x00000000d6a80000,0x00000000d6a80000,0x00000000d6b00000)
 ParOldGen       total 76288K, used 75977K [0x0000000080000000, 0x0000000084a80000, 0x00000000d5580000)
  object space 76288K, 99% used [0x0000000080000000,0x0000000084a32690,0x0000000084a80000)
 Metaspace       used 62973K, committed 64448K, reserved 1114112K
  class space    used 6870K, committed 7488K, reserved 1048576K
}
Event: 22.009 GC heap before
{Heap before GC invocations=77 (full 3):
 PSYoungGen      total 20992K, used 20832K [0x00000000d5580000, 0x00000000d6b00000, 0x0000000100000000)
  eden space 19968K, 100% used [0x00000000d5580000,0x00000000d6900000,0x00000000d6900000)
  from space 1024K, 84% used [0x00000000d6980000,0x00000000d6a58000,0x00000000d6a80000)
  to   space 512K, 0% used [0x00000000d6a80000,0x00000000d6a80000,0x00000000d6b00000)
 ParOldGen       total 76288K, used 75977K [0x0000000080000000, 0x0000000084a80000, 0x00000000d5580000)
  object space 76288K, 99% used [0x0000000080000000,0x0000000084a32690,0x0000000084a80000)
 Metaspace       used 62979K, committed 64448K, reserved 1114112K
  class space    used 6870K, committed 7488K, reserved 1048576K
}
Event: 22.011 GC heap after
{Heap after GC invocations=77 (full 3):
 PSYoungGen      total 20480K, used 512K [0x00000000d5580000, 0x00000000d6c00000, 0x0000000100000000)
  eden space 19968K, 0% used [0x00000000d5580000,0x00000000d5580000,0x00000000d6900000)
  from space 512K, 100% used [0x00000000d6a80000,0x00000000d6b00000,0x00000000d6b00000)
  to   space 1536K, 0% used [0x00000000d6900000,0x00000000d6900000,0x00000000d6a80000)
 ParOldGen       total 76800K, used 76632K [0x0000000080000000, 0x0000000084b00000, 0x00000000d5580000)
  object space 76800K, 99% used [0x0000000080000000,0x0000000084ad6128,0x0000000084b00000)
 Metaspace       used 62979K, committed 64448K, reserved 1114112K
  class space    used 6870K, committed 7488K, reserved 1048576K
}
Event: 22.041 GC heap before
{Heap before GC invocations=78 (full 3):
 PSYoungGen      total 20480K, used 20480K [0x00000000d5580000, 0x00000000d6c00000, 0x0000000100000000)
  eden space 19968K, 100% used [0x00000000d5580000,0x00000000d6900000,0x00000000d6900000)
  from space 512K, 100% used [0x00000000d6a80000,0x00000000d6b00000,0x00000000d6b00000)
  to   space 1536K, 0% used [0x00000000d6900000,0x00000000d6900000,0x00000000d6a80000)
 ParOldGen       total 76800K, used 76632K [0x0000000080000000, 0x0000000084b00000, 0x00000000d5580000)
  object space 76800K, 99% used [0x0000000080000000,0x0000000084ad6128,0x0000000084b00000)
 Metaspace       used 63030K, committed 64512K, reserved 1114112K
  class space    used 6870K, committed 7488K, reserved 1048576K
}
Event: 22.043 GC heap after
{Heap after GC invocations=78 (full 3):
 PSYoungGen      total 20480K, used 384K [0x00000000d5580000, 0x00000000d6b00000, 0x0000000100000000)
  eden space 19968K, 0% used [0x00000000d5580000,0x00000000d5580000,0x00000000d6900000)
  from space 512K, 75% used [0x00000000d6900000,0x00000000d6960000,0x00000000d6980000)
  to   space 1024K, 0% used [0x00000000d6a00000,0x00000000d6a00000,0x00000000d6b00000)
 ParOldGen       total 77312K, used 76948K [0x0000000080000000, 0x0000000084b80000, 0x00000000d5580000)
  object space 77312K, 99% used [0x0000000080000000,0x0000000084b25138,0x0000000084b80000)
 Metaspace       used 63030K, committed 64512K, reserved 1114112K
  class space    used 6870K, committed 7488K, reserved 1048576K
}
Event: 22.135 GC heap before
{Heap before GC invocations=79 (full 3):
 PSYoungGen      total 20480K, used 20352K [0x00000000d5580000, 0x00000000d6b00000, 0x0000000100000000)
  eden space 19968K, 100% used [0x00000000d5580000,0x00000000d6900000,0x00000000d6900000)
  from space 512K, 75% used [0x00000000d6900000,0x00000000d6960000,0x00000000d6980000)
  to   space 1024K, 0% used [0x00000000d6a00000,0x00000000d6a00000,0x00000000d6b00000)
 ParOldGen       total 77312K, used 76948K [0x0000000080000000, 0x0000000084b80000, 0x00000000d5580000)
  object space 77312K, 99% used [0x0000000080000000,0x0000000084b25138,0x0000000084b80000)
 Metaspace       used 63613K, committed 65088K, reserved 1114112K
  class space    used 6925K, committed 7552K, reserved 1048576K
}
Event: 22.137 GC heap after
{Heap after GC invocations=79 (full 3):
 PSYoungGen      total 19968K, used 1008K [0x00000000d5580000, 0x00000000d6d00000, 0x0000000100000000)
  eden space 18944K, 0% used [0x00000000d5580000,0x00000000d5580000,0x00000000d6800000)
  from space 1024K, 98% used [0x00000000d6a00000,0x00000000d6afc010,0x00000000d6b00000)
  to   space 2048K, 0% used [0x00000000d6800000,0x00000000d6800000,0x00000000d6a00000)
 ParOldGen       total 77824K, used 77660K [0x0000000080000000, 0x0000000084c00000, 0x00000000d5580000)
  object space 77824K, 99% used [0x0000000080000000,0x0000000084bd7138,0x0000000084c00000)
 Metaspace       used 63613K, committed 65088K, reserved 1114112K
  class space    used 6925K, committed 7552K, reserved 1048576K
}
Event: 22.431 GC heap before
{Heap before GC invocations=80 (full 3):
 PSYoungGen      total 19968K, used 19952K [0x00000000d5580000, 0x00000000d6d00000, 0x0000000100000000)
  eden space 18944K, 100% used [0x00000000d5580000,0x00000000d6800000,0x00000000d6800000)
  from space 1024K, 98% used [0x00000000d6a00000,0x00000000d6afc010,0x00000000d6b00000)
  to   space 2048K, 0% used [0x00000000d6800000,0x00000000d6800000,0x00000000d6a00000)
 ParOldGen       total 77824K, used 77660K [0x0000000080000000, 0x0000000084c00000, 0x00000000d5580000)
  object space 77824K, 99% used [0x0000000080000000,0x0000000084bd7138,0x0000000084c00000)
 Metaspace       used 64590K, committed 66048K, reserved 1114112K
  class space    used 7052K, committed 7680K, reserved 1048576K
}
Event: 22.436 GC heap after
{Heap after GC invocations=80 (full 3):
 PSYoungGen      total 20992K, used 2039K [0x00000000d5580000, 0x00000000d7000000, 0x0000000100000000)
  eden space 18944K, 0% used [0x00000000d5580000,0x00000000d5580000,0x00000000d6800000)
  from space 2048K, 99% used [0x00000000d6800000,0x00000000d69fde98,0x00000000d6a00000)
  to   space 4096K, 0% used [0x00000000d6c00000,0x00000000d6c00000,0x00000000d7000000)
 ParOldGen       total 79360K, used 79097K [0x0000000080000000, 0x0000000084d80000, 0x00000000d5580000)
  object space 79360K, 99% used [0x0000000080000000,0x0000000084d3e4f0,0x0000000084d80000)
 Metaspace       used 64590K, committed 66048K, reserved 1114112K
  class space    used 7052K, committed 7680K, reserved 1048576K
}
Event: 22.815 GC heap before
{Heap before GC invocations=81 (full 3):
 PSYoungGen      total 20992K, used 20983K [0x00000000d5580000, 0x00000000d7000000, 0x0000000100000000)
  eden space 18944K, 100% used [0x00000000d5580000,0x00000000d6800000,0x00000000d6800000)
  from space 2048K, 99% used [0x00000000d6800000,0x00000000d69fde98,0x00000000d6a00000)
  to   space 4096K, 0% used [0x00000000d6c00000,0x00000000d6c00000,0x00000000d7000000)
 ParOldGen       total 79360K, used 79097K [0x0000000080000000, 0x0000000084d80000, 0x00000000d5580000)
  object space 79360K, 99% used [0x0000000080000000,0x0000000084d3e4f0,0x0000000084d80000)
 Metaspace       used 66157K, committed 67712K, reserved 1114112K
  class space    used 7220K, committed 7872K, reserved 1048576K
}
Event: 22.822 GC heap after
{Heap after GC invocations=81 (full 3):
 PSYoungGen      total 20992K, used 2032K [0x00000000d5580000, 0x00000000d6e00000, 0x0000000100000000)
  eden space 18944K, 0% used [0x00000000d5580000,0x00000000d5580000,0x00000000d6800000)
  from space 2048K, 99% used [0x00000000d6c00000,0x00000000d6dfc368,0x00000000d6e00000)
  to   space 2560K, 0% used [0x00000000d6900000,0x00000000d6900000,0x00000000d6b80000)
 ParOldGen       total 81408K, used 80940K [0x0000000080000000, 0x0000000084f80000, 0x00000000d5580000)
  object space 81408K, 99% used [0x0000000080000000,0x0000000084f0b000,0x0000000084f80000)
 Metaspace       used 66157K, committed 67712K, reserved 1114112K
  class space    used 7220K, committed 7872K, reserved 1048576K
}
Event: 23.231 GC heap before
{Heap before GC invocations=82 (full 3):
 PSYoungGen      total 20992K, used 20964K [0x00000000d5580000, 0x00000000d6e00000, 0x0000000100000000)
  eden space 18944K, 99% used [0x00000000d5580000,0x00000000d67fcf48,0x00000000d6800000)
  from space 2048K, 99% used [0x00000000d6c00000,0x00000000d6dfc368,0x00000000d6e00000)
  to   space 2560K, 0% used [0x00000000d6900000,0x00000000d6900000,0x00000000d6b80000)
 ParOldGen       total 81408K, used 80940K [0x0000000080000000, 0x0000000084f80000, 0x00000000d5580000)
  object space 81408K, 99% used [0x0000000080000000,0x0000000084f0b000,0x0000000084f80000)
 Metaspace       used 66532K, committed 68032K, reserved 1114112K
  class space    used 7241K, committed 7872K, reserved 1048576K
}
Event: 23.234 GC heap after
{Heap after GC invocations=82 (full 3):
 PSYoungGen      total 19968K, used 672K [0x00000000d5580000, 0x00000000d6c80000, 0x0000000100000000)
  eden space 18944K, 0% used [0x00000000d5580000,0x00000000d5580000,0x00000000d6800000)
  from space 1024K, 65% used [0x00000000d6900000,0x00000000d69a8178,0x00000000d6a00000)
  to   space 1536K, 0% used [0x00000000d6b00000,0x00000000d6b00000,0x00000000d6c80000)
 ParOldGen       total 82944K, used 82794K [0x0000000080000000, 0x0000000085100000, 0x00000000d5580000)
  object space 82944K, 99% used [0x0000000080000000,0x00000000850da848,0x0000000085100000)
 Metaspace       used 66532K, committed 68032K, reserved 1114112K
  class space    used 7241K, committed 7872K, reserved 1048576K
}
Event: 24.026 GC heap before
{Heap before GC invocations=83 (full 3):
 PSYoungGen      total 19968K, used 19615K [0x00000000d5580000, 0x00000000d6c80000, 0x0000000100000000)
  eden space 18944K, 99% used [0x00000000d5580000,0x00000000d67ffe28,0x00000000d6800000)
  from space 1024K, 65% used [0x00000000d6900000,0x00000000d69a8178,0x00000000d6a00000)
  to   space 1536K, 0% used [0x00000000d6b00000,0x00000000d6b00000,0x00000000d6c80000)
 ParOldGen       total 82944K, used 82794K [0x0000000080000000, 0x0000000085100000, 0x00000000d5580000)
  object space 82944K, 99% used [0x0000000080000000,0x00000000850da848,0x0000000085100000)
 Metaspace       used 67567K, committed 69120K, reserved 1114112K
  class space    used 7353K, committed 8000K, reserved 1048576K
}
Event: 24.029 GC heap after
{Heap after GC invocations=83 (full 3):
 PSYoungGen      total 19968K, used 736K [0x00000000d5580000, 0x00000000d6c00000, 0x0000000100000000)
  eden space 18944K, 0% used [0x00000000d5580000,0x00000000d5580000,0x00000000d6800000)
  from space 1024K, 71% used [0x00000000d6b00000,0x00000000d6bb8000,0x00000000d6c00000)
  to   space 1024K, 0% used [0x00000000d6900000,0x00000000d6900000,0x00000000d6a00000)
 ParOldGen       total 83456K, used 83010K [0x0000000080000000, 0x0000000085180000, 0x00000000d5580000)
  object space 83456K, 99% used [0x0000000080000000,0x0000000085110868,0x0000000085180000)
 Metaspace       used 67567K, committed 69120K, reserved 1114112K
  class space    used 7353K, committed 8000K, reserved 1048576K
}

Dll operation events (12 events):
Event: 0.060 Loaded shared library c:\Users\aniket.sharma\.antigravity-ide\extensions\redhat.java-1.55.0-win32-x64\jre\21.0.11-win32-x86_64\bin\java.dll
Event: 0.156 Loaded shared library c:\Users\aniket.sharma\.antigravity-ide\extensions\redhat.java-1.55.0-win32-x64\jre\21.0.11-win32-x86_64\bin\zip.dll
Event: 0.182 Loaded shared library C:\Users\aniket.sharma\.antigravity-ide\extensions\redhat.java-1.55.0-win32-x64\jre\21.0.11-win32-x86_64\bin\instrument.dll
Event: 0.192 Loaded shared library C:\Users\aniket.sharma\.antigravity-ide\extensions\redhat.java-1.55.0-win32-x64\jre\21.0.11-win32-x86_64\bin\net.dll
Event: 0.200 Loaded shared library C:\Users\aniket.sharma\.antigravity-ide\extensions\redhat.java-1.55.0-win32-x64\jre\21.0.11-win32-x86_64\bin\nio.dll
Event: 0.204 Loaded shared library C:\Users\aniket.sharma\.antigravity-ide\extensions\redhat.java-1.55.0-win32-x64\jre\21.0.11-win32-x86_64\bin\zip.dll
Event: 0.220 Loaded shared library C:\Users\aniket.sharma\.antigravity-ide\extensions\redhat.java-1.55.0-win32-x64\jre\21.0.11-win32-x86_64\bin\jimage.dll
Event: 0.353 Loaded shared library c:\Users\aniket.sharma\.antigravity-ide\extensions\redhat.java-1.55.0-win32-x64\jre\21.0.11-win32-x86_64\bin\verify.dll
Event: 2.358 Loaded shared library C:\Users\aniket.sharma\AppData\Roaming\Antigravity IDE\User\globalStorage\redhat.java\1.55.0\config_win\org.eclipse.equinox.launcher\org.eclipse.equinox.launcher.win32.win32.x86_64_1.3.100.v20260613-0559\eclipse_11924.dll
Event: 7.856 Loaded shared library C:\Users\aniket.sharma\AppData\Local\Temp\jna--1224371638\jna10577159560753438097.dll
Event: 11.079 Loaded shared library C:\Users\aniket.sharma\.antigravity-ide\extensions\redhat.java-1.55.0-win32-x64\jre\21.0.11-win32-x86_64\bin\sunmscapi.dll
Event: 11.872 Loaded shared library C:\Users\aniket.sharma\.antigravity-ide\extensions\redhat.java-1.55.0-win32-x64\jre\21.0.11-win32-x86_64\bin\extnet.dll

Deoptimization events (20 events):
Event: 323.878 Thread 0x0000018709198600 Uncommon trap: trap_request=0xffffffde fr.pc=0x00000186b52da410 relative=0x00000000000002f0
Event: 323.878 Thread 0x0000018709198600 Uncommon trap: reason=class_check action=maybe_recompile pc=0x00000186b52da410 method=java.io.DataOutputStream.writeByte(I)V @ 5 c2
Event: 323.878 Thread 0x0000018709198600 DEOPT PACKING pc=0x00000186b52da410 sp=0x00000006b06fef70
Event: 323.878 Thread 0x0000018709198600 DEOPT UNPACKING pc=0x00000186b46e3aa2 sp=0x00000006b06fef28 mode 2
Event: 323.878 Thread 0x0000018709198600 Uncommon trap: trap_request=0xffffffde fr.pc=0x00000186b52da410 relative=0x00000000000002f0
Event: 323.878 Thread 0x0000018709198600 Uncommon trap: reason=class_check action=maybe_recompile pc=0x00000186b52da410 method=java.io.DataOutputStream.writeByte(I)V @ 5 c2
Event: 323.878 Thread 0x0000018709198600 DEOPT PACKING pc=0x00000186b52da410 sp=0x00000006b06fef70
Event: 323.878 Thread 0x0000018709198600 DEOPT UNPACKING pc=0x00000186b46e3aa2 sp=0x00000006b06fef28 mode 2
Event: 323.878 Thread 0x0000018709198600 Uncommon trap: trap_request=0xffffffde fr.pc=0x00000186b52d8374 relative=0x00000000000003b4
Event: 323.878 Thread 0x0000018709198600 Uncommon trap: reason=class_check action=maybe_recompile pc=0x00000186b52d8374 method=java.io.DataOutputStream.writeInt(I)V @ 19 c2
Event: 323.878 Thread 0x0000018709198600 DEOPT PACKING pc=0x00000186b52d8374 sp=0x00000006b06fed70
Event: 323.878 Thread 0x0000018709198600 DEOPT UNPACKING pc=0x00000186b46e3aa2 sp=0x00000006b06fed18 mode 2
Event: 323.899 Thread 0x0000018709198600 Uncommon trap: trap_request=0xffffffde fr.pc=0x00000186b4e027f8 relative=0x0000000000000618
Event: 323.899 Thread 0x0000018709198600 Uncommon trap: reason=class_check action=maybe_recompile pc=0x00000186b4e027f8 method=java.io.InputStream.read([BII)I @ 15 c2
Event: 323.899 Thread 0x0000018709198600 DEOPT PACKING pc=0x00000186b4e027f8 sp=0x00000006b06fef20
Event: 323.899 Thread 0x0000018709198600 DEOPT UNPACKING pc=0x00000186b46e3aa2 sp=0x00000006b06feea8 mode 2
Event: 323.900 Thread 0x0000018709198600 Uncommon trap: trap_request=0xffffffde fr.pc=0x00000186b4e027f8 relative=0x0000000000000618
Event: 323.900 Thread 0x0000018709198600 Uncommon trap: reason=class_check action=maybe_recompile pc=0x00000186b4e027f8 method=java.io.InputStream.read([BII)I @ 15 c2
Event: 323.900 Thread 0x0000018709198600 DEOPT PACKING pc=0x00000186b4e027f8 sp=0x00000006b06fef20
Event: 323.900 Thread 0x0000018709198600 DEOPT UNPACKING pc=0x00000186b46e3aa2 sp=0x00000006b06feea8 mode 2

Classes loaded (20 events):
Event: 31.893 Loading class sun/nio/cs/Surrogate$Parser
Event: 31.894 Loading class sun/nio/cs/Surrogate$Parser done
Event: 31.894 Loading class sun/nio/cs/Surrogate
Event: 31.894 Loading class sun/nio/cs/Surrogate done
Event: 323.792 Loading class java/util/stream/Nodes$CollectorTask$OfRef
Event: 323.793 Loading class java/util/stream/Nodes$CollectorTask
Event: 323.795 Loading class java/util/stream/Nodes$CollectorTask done
Event: 323.795 Loading class java/util/stream/Nodes$CollectorTask$OfRef done
Event: 323.795 Loading class java/util/function/LongFunction
Event: 323.795 Loading class java/util/function/LongFunction done
Event: 323.795 Loading class java/util/stream/Nodes$ConcNode
Event: 323.796 Loading class java/util/stream/Nodes$AbstractConcNode
Event: 323.796 Loading class java/util/stream/Nodes$AbstractConcNode done
Event: 323.796 Loading class java/util/stream/Nodes$ConcNode done
Event: 323.830 Loading class java/io/ObjectOutputStream$BlockDataOutputStream
Event: 323.831 Loading class java/io/ObjectOutputStream$BlockDataOutputStream done
Event: 323.831 Loading class java/io/ObjectOutputStream$HandleTable
Event: 323.832 Loading class java/io/ObjectOutputStream$HandleTable done
Event: 323.832 Loading class java/io/ObjectOutputStream$ReplaceTable
Event: 323.832 Loading class java/io/ObjectOutputStream$ReplaceTable done

Classes unloaded (7 events):
Event: 8.987 Thread 0x00000186a9ef1ba0 Unloading class 0x00000186c21a5000 'java/lang/invoke/LambdaForm$MH+0x00000186c21a5000'
Event: 8.987 Thread 0x00000186a9ef1ba0 Unloading class 0x00000186c21a4c00 'java/lang/invoke/LambdaForm$MH+0x00000186c21a4c00'
Event: 8.987 Thread 0x00000186a9ef1ba0 Unloading class 0x00000186c21a4800 'java/lang/invoke/LambdaForm$MH+0x00000186c21a4800'
Event: 8.987 Thread 0x00000186a9ef1ba0 Unloading class 0x00000186c21a4400 'java/lang/invoke/LambdaForm$MH+0x00000186c21a4400'
Event: 8.987 Thread 0x00000186a9ef1ba0 Unloading class 0x00000186c21a4000 'java/lang/invoke/LambdaForm$BMH+0x00000186c21a4000'
Event: 8.987 Thread 0x00000186a9ef1ba0 Unloading class 0x00000186c21a3c00 'java/lang/invoke/LambdaForm$DMH+0x00000186c21a3c00'
Event: 8.987 Thread 0x00000186a9ef1ba0 Unloading class 0x00000186c21a2800 'java/lang/invoke/LambdaForm$DMH+0x00000186c21a2800'

Classes redefined (0 events):
No events

Internal exceptions (20 events):
Event: 23.763 Thread 0x000001870a028800 Exception <a 'sun/nio/fs/WindowsException'{0x00000000d5d4a480}> (0x00000000d5d4a480) 
thrown [s\src\hotspot\share\prims\jni.cpp, line 520]
Event: 23.763 Thread 0x000001870a028800 Exception <a 'sun/nio/fs/WindowsException'{0x00000000d5d4ad80}> (0x00000000d5d4ad80) 
thrown [s\src\hotspot\share\prims\jni.cpp, line 520]
Event: 23.958 Thread 0x00000187091999b0 Exception <a 'java/lang/NoSuchMethodError'{0x00000000d653cee0}: 'java.lang.Object java.lang.invoke.DirectMethodHandle$Holder.newInvokeSpecial(java.lang.Object, java.lang.Object, int, java.lang.Object, java.lang.Object)'> (0x00000000d653cee0) 
thrown [s\src\hotspot\share\interpreter\linkResolver.cpp, line 773]
Event: 23.962 Thread 0x00000187091999b0 Exception <a 'java/lang/NoSuchMethodError'{0x00000000d65552e0}: 'java.lang.Object java.lang.invoke.DirectMethodHandle$Holder.invokeSpecial(java.lang.Object, java.lang.Object, java.lang.Object, int, java.lang.Object, java.lang.Object, java.lang.Object)'> (0x00000000d65552e0) 
thrown [s\src\hotspot\share\interpreter\linkResolver.cpp, line 773]
Event: 23.965 Thread 0x00000187091999b0 Exception <a 'java/lang/NoSuchMethodError'{0x00000000d6561328}: 'java.lang.Object java.lang.invoke.DirectMethodHandle$Holder.newInvokeSpecial(java.lang.Object, java.lang.Object, int)'> (0x00000000d6561328) 
thrown [s\src\hotspot\share\interpreter\linkResolver.cpp, line 773]
Event: 23.982 Thread 0x00000187091999b0 Exception <a 'java/lang/NoSuchMethodError'{0x00000000d65e5bf0}: 'void java.lang.invoke.DirectMethodHandle$Holder.invokeStatic(java.lang.Object, int)'> (0x00000000d65e5bf0) 
thrown [s\src\hotspot\share\interpreter\linkResolver.cpp, line 773]
Event: 24.186 Thread 0x00000187091999b0 Exception <a 'java/io/FileNotFoundException'{0x00000000d5aa1de8}> (0x00000000d5aa1de8) 
thrown [s\src\hotspot\share\prims\jni.cpp, line 520]
Event: 24.187 Thread 0x00000187091999b0 Exception <a 'java/io/FileNotFoundException'{0x00000000d5aa3118}> (0x00000000d5aa3118) 
thrown [s\src\hotspot\share\prims\jni.cpp, line 520]
Event: 24.188 Thread 0x00000187091999b0 Exception <a 'java/io/FileNotFoundException'{0x00000000d5aa4170}> (0x00000000d5aa4170) 
thrown [s\src\hotspot\share\prims\jni.cpp, line 520]
Event: 24.239 Thread 0x0000018709198600 Exception <a 'java/lang/NoSuchMethodError'{0x00000000d5b4ac30}: 'java.lang.Object java.lang.invoke.DirectMethodHandle$Holder.invokeStatic(java.lang.Object, java.lang.Object, int, java.lang.Object)'> (0x00000000d5b4ac30) 
thrown [s\src\hotspot\share\interpreter\linkResolver.cpp, line 773]
Event: 24.426 Thread 0x0000018709198600 Exception <a 'java/lang/NullPointerException'{0x00000000d5da1fe8}> (0x00000000d5da1fe8) 
thrown [s\src\hotspot\share\interpreter\linkResolver.cpp, line 1372]
Event: 26.583 Thread 0x0000018709197f70 Exception <a 'sun/nio/fs/WindowsException'{0x00000000d5e75940}> (0x00000000d5e75940) 
thrown [s\src\hotspot\share\prims\jni.cpp, line 520]
Event: 26.583 Thread 0x0000018709197f70 Exception <a 'sun/nio/fs/WindowsException'{0x00000000d5e75f70}> (0x00000000d5e75f70) 
thrown [s\src\hotspot\share\prims\jni.cpp, line 520]
Event: 26.586 Thread 0x0000018709197f70 Exception <a 'sun/nio/fs/WindowsException'{0x00000000d5e91318}> (0x00000000d5e91318) 
thrown [s\src\hotspot\share\prims\jni.cpp, line 520]
Event: 26.586 Thread 0x0000018709197f70 Exception <a 'sun/nio/fs/WindowsException'{0x00000000d5e91948}> (0x00000000d5e91948) 
thrown [s\src\hotspot\share\prims\jni.cpp, line 520]
Event: 323.814 Thread 0x0000018709198600 Exception <a 'sun/nio/fs/WindowsException'{0x00000000d63806d0}> (0x00000000d63806d0) 
thrown [s\src\hotspot\share\prims\jni.cpp, line 520]
Event: 323.814 Thread 0x0000018709198600 Exception <a 'sun/nio/fs/WindowsException'{0x00000000d6380fb0}> (0x00000000d6380fb0) 
thrown [s\src\hotspot\share\prims\jni.cpp, line 520]
Event: 323.816 Thread 0x0000018709198600 Implicit null exception at 0x00000186b5272486 to 0x00000186b527280c
Event: 323.862 Thread 0x0000018709198600 Exception <a 'java/lang/NoSuchMethodError'{0x00000000d64128f8}: static [J.<clinit>()V> (0x00000000d64128f8) 
thrown [s\src\hotspot\share\prims\jni.cpp, line 1111]
Event: 323.883 Thread 0x0000018709198600 Exception <a 'java/lang/NoSuchMethodError'{0x00000000d643cd30}: 'java.lang.Object java.lang.invoke.DirectMethodHandle$Holder.newInvokeSpecial(java.lang.Object, java.lang.Object, java.lang.Object, java.lang.Object, java.lang.Object, java.lang.Object, java.lang.Object, java.lang.Object)'> (0x00000000d643cd30) 
thrown [s\src\hotspot\share\interpreter\linkResolver.cpp, line 773]

ZGC Phase Switch (0 events):
No events

VM Operations (20 events):
Event: 1502.880 Executing non-safepoint VM operation: RendezvousGCThreads
Event: 1502.880 Executing non-safepoint VM operation: RendezvousGCThreads done
Event: 1683.148 Executing non-safepoint VM operation: HandshakeAllThreads (HandshakeForDeflation)
Event: 1683.148 Executing non-safepoint VM operation: HandshakeAllThreads (HandshakeForDeflation) done
Event: 1683.148 Executing non-safepoint VM operation: RendezvousGCThreads
Event: 1683.148 Executing non-safepoint VM operation: RendezvousGCThreads done
Event: 1803.495 Executing non-safepoint VM operation: HandshakeAllThreads (HandshakeForDeflation)
Event: 1803.495 Executing non-safepoint VM operation: HandshakeAllThreads (HandshakeForDeflation) done
Event: 1803.495 Executing non-safepoint VM operation: RendezvousGCThreads
Event: 1803.495 Executing non-safepoint VM operation: RendezvousGCThreads done
Event: 1813.540 Executing safepoint VM operation: Cleanup
Event: 1813.540 Executing safepoint VM operation: Cleanup done
Event: 1923.828 Executing non-safepoint VM operation: HandshakeAllThreads (HandshakeForDeflation)
Event: 1923.828 Executing non-safepoint VM operation: HandshakeAllThreads (HandshakeForDeflation) done
Event: 1923.828 Executing non-safepoint VM operation: RendezvousGCThreads
Event: 1923.828 Executing non-safepoint VM operation: RendezvousGCThreads done
Event: 2043.932 Executing non-safepoint VM operation: HandshakeAllThreads (HandshakeForDeflation)
Event: 2043.933 Executing non-safepoint VM operation: HandshakeAllThreads (HandshakeForDeflation) done
Event: 2043.933 Executing non-safepoint VM operation: RendezvousGCThreads
Event: 2043.933 Executing non-safepoint VM operation: RendezvousGCThreads done

Memory protections (0 events):
No events

Nmethod flushes (20 events):
Event: 18.704 Thread 0x00000186a9ef1ba0 flushing  nmethod 0x00000186ada07510
Event: 18.704 Thread 0x00000186a9ef1ba0 flushing  nmethod 0x00000186ada08210
Event: 18.704 Thread 0x00000186a9ef1ba0 flushing  nmethod 0x00000186ada22390
Event: 18.704 Thread 0x00000186a9ef1ba0 flushing  nmethod 0x00000186ada22d10
Event: 18.704 Thread 0x00000186a9ef1ba0 flushing  nmethod 0x00000186ada23090
Event: 18.704 Thread 0x00000186a9ef1ba0 flushing  nmethod 0x00000186ada23690
Event: 18.704 Thread 0x00000186a9ef1ba0 flushing  nmethod 0x00000186ada29290
Event: 18.704 Thread 0x00000186a9ef1ba0 flushing  nmethod 0x00000186ada45f10
Event: 18.704 Thread 0x00000186a9ef1ba0 flushing  nmethod 0x00000186ada46610
Event: 18.704 Thread 0x00000186a9ef1ba0 flushing  nmethod 0x00000186ada47e90
Event: 18.704 Thread 0x00000186a9ef1ba0 flushing  nmethod 0x00000186ada48490
Event: 18.704 Thread 0x00000186a9ef1ba0 flushing  nmethod 0x00000186ada48d10
Event: 18.704 Thread 0x00000186a9ef1ba0 flushing  nmethod 0x00000186ada4b110
Event: 18.704 Thread 0x00000186a9ef1ba0 flushing  nmethod 0x00000186ada57690
Event: 18.704 Thread 0x00000186a9ef1ba0 flushing  nmethod 0x00000186ada5bc10
Event: 18.704 Thread 0x00000186a9ef1ba0 flushing  nmethod 0x00000186ada70e10
Event: 18.704 Thread 0x00000186a9ef1ba0 flushing  nmethod 0x00000186ada98010
Event: 18.704 Thread 0x00000186a9ef1ba0 flushing  nmethod 0x00000186adad0c90
Event: 18.704 Thread 0x00000186a9ef1ba0 flushing  nmethod 0x00000186adada190
Event: 18.704 Thread 0x00000186a9ef1ba0 flushing  nmethod 0x00000186adada510

Events (20 events):
Event: 206.609 Thread 0x000001870a026730 Thread exited: 0x000001870a026730
Event: 266.614 Thread 0x000001870a029520 Thread exited: 0x000001870a029520
Event: 308.023 Thread 0x0000018709198600 Thread added: 0x000001870a028800
Event: 308.025 Thread 0x000001870919a040 Thread exited: 0x000001870919a040
Event: 322.227 Thread 0x000001870b264140 Thread exited: 0x000001870b264140
Event: 323.789 Thread 0x0000018709198600 Thread added: 0x000001870a029520
Event: 323.797 Thread 0x000001870a029520 Thread exited: 0x000001870a029520
Event: 323.821 Thread 0x0000018709198600 Thread added: 0x000001870a029520
Event: 323.823 Thread 0x000001870a029520 Thread exited: 0x000001870a029520
Event: 323.846 Thread 0x0000018702d045c0 Thread added: 0x000001870b2cbe00
Event: 323.856 Thread 0x0000018702d045c0 Thread added: 0x000001870b2c9bf0
Event: 324.009 Thread 0x000001870b2c9bf0 Thread exited: 0x000001870b2c9bf0
Event: 324.010 Thread 0x000001870b2cbe00 Thread exited: 0x000001870b2cbe00
Event: 326.622 Thread 0x000001870a026dc0 Thread exited: 0x000001870a026dc0
Event: 622.233 Thread 0x000001870b263420 Thread exited: 0x000001870b263420
Event: 922.238 Thread 0x000001870b2654f0 Thread exited: 0x000001870b2654f0
Event: 1222.247 Thread 0x000001870b2675c0 Thread exited: 0x000001870b2675c0
Event: 1522.265 Thread 0x000001870b26a3b0 Thread exited: 0x000001870b26a3b0
Event: 1822.281 Thread 0x000001870b269690 Thread exited: 0x000001870b269690
Event: 2122.286 Thread 0x000001870b264e60 Thread exited: 0x000001870b264e60


Dynamic libraries:
0x00007ff6ff490000 - 0x00007ff6ff49e000 	c:\Users\aniket.sharma\.antigravity-ide\extensions\redhat.java-1.55.0-win32-x64\jre\21.0.11-win32-x86_64\bin\java.exe
0x00007ffbafde0000 - 0x00007ffbb0048000 	C:\WINDOWS\SYSTEM32\ntdll.dll
0x00007ffbaf380000 - 0x00007ffbaf449000 	C:\WINDOWS\System32\KERNEL32.DLL
0x00007ffbac960000 - 0x00007ffbacd51000 	C:\WINDOWS\System32\KERNELBASE.dll
0x00007ffbacd60000 - 0x00007ffbaceab000 	C:\WINDOWS\System32\ucrtbase.dll
0x00007ffb8d690000 - 0x00007ffb8d6a8000 	c:\Users\aniket.sharma\.antigravity-ide\extensions\redhat.java-1.55.0-win32-x64\jre\21.0.11-win32-x86_64\bin\jli.dll
0x00007ffbae9c0000 - 0x00007ffbaeb86000 	C:\WINDOWS\System32\USER32.dll
0x00007ffb8d6b0000 - 0x00007ffb8d6ce000 	c:\Users\aniket.sharma\.antigravity-ide\extensions\redhat.java-1.55.0-win32-x64\jre\21.0.11-win32-x86_64\bin\VCRUNTIME140.dll
0x00007ffb92d40000 - 0x00007ffb92fd3000 	C:\WINDOWS\WinSxS\amd64_microsoft.windows.common-controls_6595b64144ccf1df_6.0.26100.7824_none_3e0870b2e3345462\COMCTL32.dll
0x00007ffbaceb0000 - 0x00007ffbaced7000 	C:\WINDOWS\System32\win32u.dll
0x00007ffbaf7a0000 - 0x00007ffbaf849000 	C:\WINDOWS\System32\msvcrt.dll
0x00007ffbadeb0000 - 0x00007ffbadedb000 	C:\WINDOWS\System32\GDI32.dll
0x00007ffbac770000 - 0x00007ffbac89b000 	C:\WINDOWS\System32\gdi32full.dll
0x00007ffbac6c0000 - 0x00007ffbac763000 	C:\WINDOWS\System32\msvcp_win.dll
0x00007ffbaf5c0000 - 0x00007ffbaf5f1000 	C:\WINDOWS\System32\IMM32.DLL
0x00000186a8080000 - 0x00000186a8096000 	C:\WINDOWS\System32\umppc21003.dll
0x00000186a80c0000 - 0x00000186a80d4000 	C:\WINDOWS\System32\CsXumd64_21003.dll
0x00007ffba71d0000 - 0x00007ffba71dc000 	c:\Users\aniket.sharma\.antigravity-ide\extensions\redhat.java-1.55.0-win32-x64\jre\21.0.11-win32-x86_64\bin\vcruntime140_1.dll
0x00007ffb5ed40000 - 0x00007ffb5edcd000 	c:\Users\aniket.sharma\.antigravity-ide\extensions\redhat.java-1.55.0-win32-x64\jre\21.0.11-win32-x86_64\bin\msvcp140.dll
0x00007ffb0a650000 - 0x00007ffb0b3f2000 	c:\Users\aniket.sharma\.antigravity-ide\extensions\redhat.java-1.55.0-win32-x64\jre\21.0.11-win32-x86_64\bin\server\jvm.dll
0x00007ffbae360000 - 0x00007ffbae414000 	C:\WINDOWS\System32\ADVAPI32.dll
0x00007ffbadb80000 - 0x00007ffbadc26000 	C:\WINDOWS\System32\sechost.dll
0x00007ffbae7c0000 - 0x00007ffbae8d8000 	C:\WINDOWS\System32\RPCRT4.dll
0x00007ffbadc60000 - 0x00007ffbadcd4000 	C:\WINDOWS\System32\WS2_32.dll
0x00007ffbac520000 - 0x00007ffbac57e000 	C:\WINDOWS\SYSTEM32\POWRPROF.dll
0x00007ffba5bb0000 - 0x00007ffba5be5000 	C:\WINDOWS\SYSTEM32\WINMM.dll
0x00007ffb980c0000 - 0x00007ffb980cb000 	C:\WINDOWS\SYSTEM32\VERSION.dll
0x00007ffbac500000 - 0x00007ffbac514000 	C:\WINDOWS\SYSTEM32\UMPDC.dll
0x00007ffbab2f0000 - 0x00007ffbab30b000 	C:\WINDOWS\SYSTEM32\kernel.appcore.dll
0x00007ffb986b0000 - 0x00007ffb986ba000 	c:\Users\aniket.sharma\.antigravity-ide\extensions\redhat.java-1.55.0-win32-x64\jre\21.0.11-win32-x86_64\bin\jimage.dll
0x00007ffbaa1a0000 - 0x00007ffbaa3e2000 	C:\WINDOWS\SYSTEM32\DBGHELP.DLL
0x00007ffbae420000 - 0x00007ffbae7a6000 	C:\WINDOWS\System32\combase.dll
0x00007ffbae8e0000 - 0x00007ffbae9b7000 	C:\WINDOWS\System32\OLEAUT32.dll
0x00007ffb96770000 - 0x00007ffb967ab000 	C:\WINDOWS\SYSTEM32\dbgcore.DLL
0x00007ffbada40000 - 0x00007ffbadae5000 	C:\WINDOWS\System32\bcryptPrimitives.dll
0x00007ffb97e40000 - 0x00007ffb97e4f000 	c:\Users\aniket.sharma\.antigravity-ide\extensions\redhat.java-1.55.0-win32-x64\jre\21.0.11-win32-x86_64\bin\instrument.dll
0x00007ffb8d200000 - 0x00007ffb8d220000 	c:\Users\aniket.sharma\.antigravity-ide\extensions\redhat.java-1.55.0-win32-x64\jre\21.0.11-win32-x86_64\bin\java.dll
0x00007ffbaeba0000 - 0x00007ffbaf2f2000 	C:\WINDOWS\System32\SHELL32.dll
0x00007ffbacee0000 - 0x00007ffbad04a000 	C:\WINDOWS\System32\wintypes.dll
0x00007ffbad1d0000 - 0x00007ffbada33000 	C:\WINDOWS\System32\windows.storage.dll
0x00007ffbae060000 - 0x00007ffbae156000 	C:\WINDOWS\System32\SHCORE.dll
0x00007ffbaf300000 - 0x00007ffbaf367000 	C:\WINDOWS\System32\shlwapi.dll
0x00007ffbac5e0000 - 0x00007ffbac609000 	C:\WINDOWS\SYSTEM32\profapi.dll
0x00007ffb8c7c0000 - 0x00007ffb8c7d8000 	c:\Users\aniket.sharma\.antigravity-ide\extensions\redhat.java-1.55.0-win32-x64\jre\21.0.11-win32-x86_64\bin\zip.dll
0x00007ffb97540000 - 0x00007ffb97550000 	C:\Users\aniket.sharma\.antigravity-ide\extensions\redhat.java-1.55.0-win32-x64\jre\21.0.11-win32-x86_64\bin\net.dll
0x00007ffbab310000 - 0x00007ffbab437000 	C:\WINDOWS\SYSTEM32\WINHTTP.dll
0x00007ffbab970000 - 0x00007ffbab9db000 	C:\WINDOWS\system32\mswsock.dll
0x00007ffb8c7a0000 - 0x00007ffb8c7b6000 	C:\Users\aniket.sharma\.antigravity-ide\extensions\redhat.java-1.55.0-win32-x64\jre\21.0.11-win32-x86_64\bin\nio.dll
0x00007ffb97500000 - 0x00007ffb97510000 	c:\Users\aniket.sharma\.antigravity-ide\extensions\redhat.java-1.55.0-win32-x64\jre\21.0.11-win32-x86_64\bin\verify.dll
0x00007ffb67130000 - 0x00007ffb67175000 	C:\Users\aniket.sharma\AppData\Roaming\Antigravity IDE\User\globalStorage\redhat.java\1.55.0\config_win\org.eclipse.equinox.launcher\org.eclipse.equinox.launcher.win32.win32.x86_64_1.3.100.v20260613-0559\eclipse_11924.dll
0x00007ffbaf600000 - 0x00007ffbaf797000 	C:\WINDOWS\System32\ole32.dll
0x00007ffbabd60000 - 0x00007ffbabd7b000 	C:\WINDOWS\SYSTEM32\CRYPTSP.dll
0x00007ffbab250000 - 0x00007ffbab289000 	C:\WINDOWS\system32\rsaenh.dll
0x00007ffbaba20000 - 0x00007ffbaba4b000 	C:\WINDOWS\SYSTEM32\USERENV.dll
0x00007ffbac5b0000 - 0x00007ffbac5da000 	C:\WINDOWS\SYSTEM32\bcrypt.dll
0x00007ffbabbc0000 - 0x00007ffbabbcc000 	C:\WINDOWS\SYSTEM32\CRYPTBASE.dll
0x00007ffbaaaf0000 - 0x00007ffbaab24000 	C:\WINDOWS\SYSTEM32\IPHLPAPI.DLL
0x00007ffbaeb90000 - 0x00007ffbaeb9a000 	C:\WINDOWS\System32\NSI.dll
0x00007ffb5f130000 - 0x00007ffb5f179000 	C:\Users\aniket.sharma\AppData\Local\Temp\jna--1224371638\jna10577159560753438097.dll
0x00007ffbae7b0000 - 0x00007ffbae7b8000 	C:\WINDOWS\System32\PSAPI.DLL
0x00007ffba6800000 - 0x00007ffba681e000 	C:\WINDOWS\SYSTEM32\dhcpcsvc6.DLL
0x00007ffba6590000 - 0x00007ffba65b3000 	C:\WINDOWS\SYSTEM32\dhcpcsvc.DLL
0x00007ffb96c80000 - 0x00007ffb96c8e000 	C:\Users\aniket.sharma\.antigravity-ide\extensions\redhat.java-1.55.0-win32-x64\jre\21.0.11-win32-x86_64\bin\sunmscapi.dll
0x00007ffbad050000 - 0x00007ffbad1c7000 	C:\WINDOWS\System32\CRYPT32.dll
0x00007ffbabec0000 - 0x00007ffbabef0000 	C:\WINDOWS\SYSTEM32\ncrypt.dll
0x00007ffbabe70000 - 0x00007ffbabeaf000 	C:\WINDOWS\SYSTEM32\NTASN1.dll
0x00007ffbaab30000 - 0x00007ffbaac5c000 	C:\WINDOWS\SYSTEM32\DNSAPI.dll
0x00007ffba4df0000 - 0x00007ffba4dfb000 	C:\Windows\System32\rasadhlp.dll
0x00007ffba6c00000 - 0x00007ffba6c86000 	C:\WINDOWS\System32\fwpuclnt.dll
0x00007ffb92600000 - 0x00007ffb92609000 	C:\Users\aniket.sharma\.antigravity-ide\extensions\redhat.java-1.55.0-win32-x64\jre\21.0.11-win32-x86_64\bin\extnet.dll

JVMTI agents:
c:\Users\aniket.sharma\.antigravity-ide\extensions\redhat.java-1.55.0-win32-x64\lombok\lombok-1.18.39-4050.jar path:c:\Users\aniket.sharma\.antigravity-ide\extensions\redhat.java-1.55.0-win32-x64\jre\21.0.11-win32-x86_64\bin\instrument.dll, loaded, initialized, instrumentlib options:none

dbghelp: loaded successfully - version: 4.0.5 - missing functions: none
symbol engine: initialized successfully - sym options: 0x614 - pdb path: .;c:\Users\aniket.sharma\.antigravity-ide\extensions\redhat.java-1.55.0-win32-x64\jre\21.0.11-win32-x86_64\bin;C:\WINDOWS\SYSTEM32;C:\WINDOWS\WinSxS\amd64_microsoft.windows.common-controls_6595b64144ccf1df_6.0.26100.7824_none_3e0870b2e3345462;c:\Users\aniket.sharma\.antigravity-ide\extensions\redhat.java-1.55.0-win32-x64\jre\21.0.11-win32-x86_64\bin\server;C:\Users\aniket.sharma\AppData\Roaming\Antigravity IDE\User\globalStorage\redhat.java\1.55.0\config_win\org.eclipse.equinox.launcher\org.eclipse.equinox.launcher.win32.win32.x86_64_1.3.100.v20260613-0559;C:\Users\aniket.sharma\AppData\Local\Temp\jna--1224371638

VM Arguments:
jvm_args: --add-modules=ALL-SYSTEM --add-opens=java.base/java.util=ALL-UNNAMED --add-opens=java.base/java.lang=ALL-UNNAMED --add-opens=java.base/sun.nio.fs=ALL-UNNAMED -Declipse.application=org.eclipse.jdt.ls.core.id1 -Dosgi.bundles.defaultStartLevel=4 -Declipse.product=org.eclipse.jdt.ls.core.product -Djava.import.generatesMetadataFilesAtProjectRoot=false -DDetectVMInstallationsJob.disabled=true -Dfile.encoding=utf8 -XX:+UseParallelGC -XX:GCTimeRatio=4 -XX:AdaptiveSizePolicyWeight=90 -Dsun.zip.disableMemoryMapping=true -Xmx2G -Xms100m -Xlog:disable -javaagent:c:\Users\aniket.sharma\.antigravity-ide\extensions\redhat.java-1.55.0-win32-x64\lombok\lombok-1.18.39-4050.jar -XX:+HeapDumpOnOutOfMemoryError -XX:HeapDumpPath=c:\Users\aniket.sharma\AppData\Roaming\Antigravity IDE\User\workspaceStorage\e836666844574c601d2f17efaa29c91f\redhat.java -Daether.dependencyCollector.impl=bf 
java_command: c:\Users\aniket.sharma\.antigravity-ide\extensions\redhat.java-1.55.0-win32-x64\server\plugins\org.eclipse.equinox.launcher_1.7.200.v20260619-2039.jar -configuration c:\Users\aniket.sharma\AppData\Roaming\Antigravity IDE\User\globalStorage\redhat.java\1.55.0\config_win -data c:\Users\aniket.sharma\AppData\Roaming\Antigravity IDE\User\workspaceStorage\e836666844574c601d2f17efaa29c91f\redhat.java\jdt_ws --pipe=\\.\pipe\lsp-75fe1dd20d014497ae89302492bd1d93-sock
java_class_path (initial): c:\Users\aniket.sharma\.antigravity-ide\extensions\redhat.java-1.55.0-win32-x64\server\plugins\org.eclipse.equinox.launcher_1.7.200.v20260619-2039.jar
Launcher Type: SUN_STANDARD

[Global flags]
    uintx AdaptiveSizePolicyWeight                 = 90                                        {product} {command line}
     intx CICompilerCount                          = 4                                         {product} {ergonomic}
    uintx GCTimeRatio                              = 4                                         {product} {command line}
     bool HeapDumpOnOutOfMemoryError               = true                                   {manageable} {command line}
    ccstr HeapDumpPath                             = c:\Users\aniket.sharma\AppData\Roaming\Antigravity IDE\User\workspaceStorage\e836666844574c601d2f17efaa29c91f\redhat.java         {manageable} {command line}
   size_t InitialHeapSize                          = 104857600                                 {product} {command line}
   size_t MaxHeapSize                              = 2147483648                                {product} {command line}
   size_t MaxNewSize                               = 715653120                                 {product} {ergonomic}
   size_t MinHeapDeltaBytes                        = 524288                                    {product} {ergonomic}
   size_t MinHeapSize                              = 104857600                                 {product} {command line}
   size_t NewSize                                  = 34603008                                  {product} {ergonomic}
    uintx NonNMethodCodeHeapSize                   = 5839372                                {pd product} {ergonomic}
    uintx NonProfiledCodeHeapSize                  = 122909434                              {pd product} {ergonomic}
   size_t OldSize                                  = 70254592                                  {product} {ergonomic}
    uintx ProfiledCodeHeapSize                     = 122909434                              {pd product} {ergonomic}
    uintx ReservedCodeCacheSize                    = 251658240                              {pd product} {ergonomic}
     bool SegmentedCodeCache                       = true                                      {product} {ergonomic}
   size_t SoftMaxHeapSize                          = 2147483648                             {manageable} {ergonomic}
     bool UseCompressedOops                        = true                           {product lp64_product} {ergonomic}
     bool UseLargePagesIndividualAllocation        = false                                  {pd product} {ergonomic}
     bool UseParallelGC                            = true                                      {product} {command line}

Logging:
Log output configuration:
 #0: stdout all=off uptime,level,tags foldmultilines=false
 #1: stderr all=off uptime,level,tags foldmultilines=false

Release file:
JAVA_VERSION="21.0.11" 
MODULES="java.base java.compiler java.datatransfer java.xml java.prefs java.desktop java.instrument java.logging java.management java.security.sasl java.naming java.rmi java.management.rmi java.net.http java.scripting java.security.jgss java.transaction.xa java.sql java.sql.rowset java.xml.crypto java.se java.smartcardio jdk.accessibility jdk.internal.jvmstat jdk.attach jdk.charsets jdk.internal.opt jdk.zipfs jdk.compiler jdk.crypto.ec jdk.crypto.cryptoki jdk.crypto.mscapi jdk.dynalink jdk.internal.ed jdk.editpad jdk.hotspot.agent jdk.httpserver jdk.internal.le jdk.internal.vm.ci jdk.internal.vm.compiler jdk.internal.vm.compiler.management jdk.jartool jdk.javadoc jdk.jcmd jdk.management jdk.management.agent jdk.jconsole jdk.jdeps jdk.jdwp.agent jdk.jdi jdk.jfr jdk.jshell jdk.jsobject jdk.jstatd jdk.localedata jdk.management.jfr jdk.naming.dns jdk.naming.rmi jdk.net jdk.nio.mapmode jdk.random jdk.sctp jdk.security.auth jdk.security.jgss jdk.unsupported jdk.unsupported.desktop jdk.xml.dom" 

Environment Variables:
PATH=C:\Program Files\Common Files\Oracle\Java\javapath;C:\Program Files (x86)\Common Files\Oracle\Java\java8path;C:\Program Files (x86)\Common Files\Oracle\Java\javapath;C:\WINDOWS\system32;C:\WINDOWS;C:\WINDOWS\System32\Wbem;C:\WINDOWS\System32\WindowsPowerShell\v1.0\;C:\WINDOWS\System32\OpenSSH\;C:\Program Files\TortoiseSVN\bin;C:\Program Files\dotnet\;C:\Program Files\TortoiseGit\bin;C:\Program Files\nodejs\;C:\Program Files\Git\cmd;C:\Program Files\GitHub CLI\;C:\Program Files\Docker\Docker\resources\bin;C:\Users\aniket.sharma\AppData\Local\Microsoft\WindowsApps;C:\ProgramData\aniket.sharma\GitHubDesktop\bin;C:\Users\aniket.sharma\AppData\Local\GitHubDesktop\bin;C:\Users\aniket.sharma\AppData\Roaming\npm;C:\Users\aniket.sharma\AppData\Local\Programs\Microsoft VS Code\bin;C:\Users\aniket.sharma\AppData\Local\Programs\Antigravity IDE\bin;C:\Users\aniket.sharma\AppData\Local\Python\bin
USERNAME=aniket.sharma
OS=Windows_NT
PROCESSOR_IDENTIFIER=Intel64 Family 6 Model 186 Stepping 3, GenuineIntel
TMP=C:\Users\ANIKET~1.SHA\AppData\Local\Temp
TEMP=C:\Users\ANIKET~1.SHA\AppData\Local\Temp




Periodic native trim disabled

---------------  S Y S T E M  ---------------

OS:
 Windows 11 , 64 bit Build 26100 (10.0.26100.7705)
OS uptime: 9 days 3:12 hours
Hyper-V role detected

CPU: total 12 (initial active 12) (6 cores per cpu, 2 threads per core) family 6 model 186 stepping 3 microcode 0x4128, cx8, cmov, fxsr, ht, mmx, 3dnowpref, sse, sse2, sse3, ssse3, sse4.1, sse4.2, popcnt, lzcnt, tsc, tscinvbit, avx, avx2, aes, erms, clmul, bmi1, bmi2, adx, sha, fma, vzeroupper, clflush, clflushopt, clwb, hv, serialize, rdtscp, rdpid, fsrm, f16c, cet_ibt, cet_ss
Processor Information for processor 0
  Max Mhz: 1600, Current Mhz: 1600, Mhz Limit: 1600
Processor Information for processor 1
  Max Mhz: 1600, Current Mhz: 1600, Mhz Limit: 1600
Processor Information for processor 2
  Max Mhz: 1600, Current Mhz: 1600, Mhz Limit: 1600
Processor Information for processor 3
  Max Mhz: 1600, Current Mhz: 1600, Mhz Limit: 1600
Processor Information for processor 4
  Max Mhz: 1600, Current Mhz: 1466, Mhz Limit: 1600
Processor Information for processor 5
  Max Mhz: 1600, Current Mhz: 1466, Mhz Limit: 1600
Processor Information for processor 6
  Max Mhz: 1600, Current Mhz: 1600, Mhz Limit: 1600
Processor Information for processor 7
  Max Mhz: 1600, Current Mhz: 1600, Mhz Limit: 1600
Processor Information for processor 8
  Max Mhz: 1600, Current Mhz: 1600, Mhz Limit: 1600
Processor Information for processor 9
  Max Mhz: 1600, Current Mhz: 1600, Mhz Limit: 1600
Processor Information for processor 10
  Max Mhz: 1600, Current Mhz: 1466, Mhz Limit: 1600
Processor Information for processor 11
  Max Mhz: 1600, Current Mhz: 1600, Mhz Limit: 1600

Memory: 4k page, system-wide physical 16068M (2186M free)
TotalPageFile size 41551M (AvailPageFile size 16M)
current process WorkingSet (physical memory assigned to process): 18M, peak: 361M
current process commit charge ("private bytes"): 372M, peak: 436M

vm_info: OpenJDK 64-Bit Server VM (21.0.11+10-LTS) for windows-amd64 JRE (21.0.11+10-LTS), built on 2026-04-21T00:00:00Z by "admin" with MS VC++ 17.12 (VS2022)

END.
