#
# There is insufficient memory for the Java Runtime Environment to continue.
# Native memory allocation (malloc) failed to allocate 968096 bytes. Error detail: Chunk::new
# Possible reasons:
#   The system is out of physical RAM or swap space
#   This process is running with CompressedOops enabled, and the Java Heap may be blocking the growth of the native heap
# Possible solutions:
#   Reduce memory load on the system
#   Increase physical memory or swap space
#   Check if swap backing store is full
#   Decrease Java heap size (-Xmx/-Xms)
#   Decrease number of Java threads
#   Decrease Java thread stack sizes (-Xss)
#   Set larger code cache with -XX:ReservedCodeCacheSize=
#   JVM is running with Unscaled Compressed Oops mode in which the Java heap is
#     placed in the first 4GB address space. The Java Heap base address is the
#     maximum limit for the native heap growth. Please use -XX:HeapBaseMinAddress
#     to set the Java Heap base and to place the Java Heap above 4GB virtual address.
# This output file may be truncated or incomplete.
#
#  Out of Memory Error (arena.cpp:168), pid=31124, tid=55684
#
# JRE version: OpenJDK Runtime Environment Temurin-21.0.11+10 (21.0.11+10) (build 21.0.11+10-LTS)
# Java VM: OpenJDK 64-Bit Server VM Temurin-21.0.11+10 (21.0.11+10-LTS, mixed mode, sharing, tiered, compressed oops, compressed class ptrs, parallel gc, windows-amd64)
# No core dump will be written. Minidumps are not enabled by default on client versions of Windows
#

---------------  S U M M A R Y ------------

Command Line: --add-modules=ALL-SYSTEM --add-opens=java.base/java.util=ALL-UNNAMED --add-opens=java.base/java.lang=ALL-UNNAMED --add-opens=java.base/sun.nio.fs=ALL-UNNAMED -Declipse.application=org.eclipse.jdt.ls.core.id1 -Dosgi.bundles.defaultStartLevel=4 -Declipse.product=org.eclipse.jdt.ls.core.product -Djava.import.generatesMetadataFilesAtProjectRoot=false -DDetectVMInstallationsJob.disabled=true -Dfile.encoding=utf8 -XX:+UseParallelGC -XX:GCTimeRatio=4 -XX:AdaptiveSizePolicyWeight=90 -Dsun.zip.disableMemoryMapping=true -Xmx2G -Xms100m -Xlog:disable -javaagent:c:\Users\aniket.sharma\.antigravity-ide\extensions\redhat.java-1.55.0-win32-x64\lombok\lombok-1.18.39-4050.jar -XX:+HeapDumpOnOutOfMemoryError -XX:HeapDumpPath=c:\Users\aniket.sharma\AppData\Roaming\Antigravity IDE\User\workspaceStorage\e836666844574c601d2f17efaa29c91f\redhat.java -Daether.dependencyCollector.impl=bf c:\Users\aniket.sharma\.antigravity-ide\extensions\redhat.java-1.55.0-win32-x64\server\plugins\org.eclipse.equinox.launcher_1.7.200.v20260619-2039.jar -configuration c:\Users\aniket.sharma\AppData\Roaming\Antigravity IDE\User\globalStorage\redhat.java\1.55.0\config_win -data c:\Users\aniket.sharma\AppData\Roaming\Antigravity IDE\User\workspaceStorage\e836666844574c601d2f17efaa29c91f\redhat.java\jdt_ws --pipe=\\.\pipe\lsp-5dd8bd77982a667381ad6454babd04f1-sock

Host: 13th Gen Intel(R) Core(TM) i5-1345U, 12 cores, 15G,  Windows 11 , 64 bit Build 26100 (10.0.26100.7705)
Time: Sun Jul 12 21:27:58 2026 India Standard Time elapsed time: 12.230404 seconds (0d 0h 0m 12s)

---------------  T H R E A D  ---------------

Current thread (0x00000298e24cddb0):  JavaThread "C2 CompilerThread0" daemon [_thread_in_native, id=55684, stack(0x000000d049900000,0x000000d049a00000) (1024K)]


Current CompileTask:
C2:12230 3198       4       java.lang.invoke.MethodType::makeImpl (109 bytes)

Stack: [0x000000d049900000,0x000000d049a00000]
Native frames: (J=compiled Java code, j=interpreted, Vv=VM code, C=native code)
V  [jvm.dll+0x6d7e19]
V  [jvm.dll+0x8b5096]
V  [jvm.dll+0x8b764e]
V  [jvm.dll+0x8b7d33]
V  [jvm.dll+0x284596]
V  [jvm.dll+0xc685d]
V  [jvm.dll+0xc6da1]
V  [jvm.dll+0x2fb4ee]
V  [jvm.dll+0x5fe9a4]
V  [jvm.dll+0x255d67]
V  [jvm.dll+0x25612d]
V  [jvm.dll+0x24e6a0]
V  [jvm.dll+0x24bbe6]
V  [jvm.dll+0x1cb4ae]
V  [jvm.dll+0x25baad]
V  [jvm.dll+0x25a03a]
V  [jvm.dll+0x3f868e]
V  [jvm.dll+0x85fb0d]
V  [jvm.dll+0x6d664d]
C  [ucrtbase.dll+0x37b0]
C  [KERNEL32.DLL+0x2e8d7]
C  [ntdll.dll+0x8c40c]


---------------  P R O C E S S  ---------------

Threads class SMR info:
_java_thread_list=0x00000298ea843f90, length=22, elements={
0x00000298c9d0a0f0, 0x00000298c9dbd810, 0x00000298e24c0a40, 0x00000298e24c2710,
0x00000298e24c3170, 0x00000298e24c5090, 0x00000298e24c61e0, 0x00000298e24cddb0,
0x00000298e3948db0, 0x00000298e3bba7f0, 0x00000298e3cf61e0, 0x00000298e98a6c60,
0x00000298e949d840, 0x00000298e931a710, 0x00000298e931b150, 0x00000298e3c589c0,
0x00000298e99b26f0, 0x00000298e9d49350, 0x00000298e92f5110, 0x00000298e92f57a0,
0x00000298e92f5e30, 0x00000298e92f4a80
}

Java Threads: ( => current thread )
  0x00000298c9d0a0f0 JavaThread "main"                              [_thread_blocked, id=6496, stack(0x000000d048f00000,0x000000d049000000) (1024K)]
  0x00000298c9dbd810 JavaThread "Reference Handler"          daemon [_thread_blocked, id=8916, stack(0x000000d049300000,0x000000d049400000) (1024K)]
  0x00000298e24c0a40 JavaThread "Finalizer"                  daemon [_thread_blocked, id=44664, stack(0x000000d049400000,0x000000d049500000) (1024K)]
  0x00000298e24c2710 JavaThread "Signal Dispatcher"          daemon [_thread_blocked, id=13740, stack(0x000000d049500000,0x000000d049600000) (1024K)]
  0x00000298e24c3170 JavaThread "Attach Listener"            daemon [_thread_blocked, id=23860, stack(0x000000d049600000,0x000000d049700000) (1024K)]
  0x00000298e24c5090 JavaThread "Service Thread"             daemon [_thread_blocked, id=48628, stack(0x000000d049700000,0x000000d049800000) (1024K)]
  0x00000298e24c61e0 JavaThread "Monitor Deflation Thread"   daemon [_thread_blocked, id=33460, stack(0x000000d049800000,0x000000d049900000) (1024K)]
=>0x00000298e24cddb0 JavaThread "C2 CompilerThread0"         daemon [_thread_in_native, id=55684, stack(0x000000d049900000,0x000000d049a00000) (1024K)]
  0x00000298e3948db0 JavaThread "C1 CompilerThread0"         daemon [_thread_blocked, id=43996, stack(0x000000d049a00000,0x000000d049b00000) (1024K)]
  0x00000298e3bba7f0 JavaThread "Common-Cleaner"             daemon [_thread_blocked, id=53628, stack(0x000000d049c00000,0x000000d049d00000) (1024K)]
  0x00000298e3cf61e0 JavaThread "Notification Thread"        daemon [_thread_blocked, id=33104, stack(0x000000d049d00000,0x000000d049e00000) (1024K)]
  0x00000298e98a6c60 JavaThread "Active Thread: Equinox Container: ab69911c-1924-45de-bf6b-965455d97889"        [_thread_blocked, id=31156, stack(0x000000d04a500000,0x000000d04a600000) (1024K)]
  0x00000298e949d840 JavaThread "Refresh Thread: Equinox Container: ab69911c-1924-45de-bf6b-965455d97889" daemon [_thread_blocked, id=28424, stack(0x000000d04a700000,0x000000d04a800000) (1024K)]
  0x00000298e931a710 JavaThread "Framework Event Dispatcher: Equinox Container: ab69911c-1924-45de-bf6b-965455d97889" daemon [_thread_blocked, id=8208, stack(0x000000d04a800000,0x000000d04a900000) (1024K)]
  0x00000298e931b150 JavaThread "Start Level: Equinox Container: ab69911c-1924-45de-bf6b-965455d97889" daemon [_thread_in_native, id=52388, stack(0x000000d04a900000,0x000000d04aa00000) (1024K)]
  0x00000298e3c589c0 JavaThread "Bundle File Closer"         daemon [_thread_blocked, id=48792, stack(0x000000d04ac00000,0x000000d04ad00000) (1024K)]
  0x00000298e99b26f0 JavaThread "SCR Component Actor"        daemon [_thread_blocked, id=33972, stack(0x000000d049b00000,0x000000d049c00000) (1024K)]
  0x00000298e9d49350 JavaThread "Worker-JM"                         [_thread_blocked, id=54604, stack(0x000000d04ae00000,0x000000d04af00000) (1024K)]
  0x00000298e92f5110 JavaThread "JNA Cleaner"                daemon [_thread_blocked, id=23040, stack(0x000000d04ad00000,0x000000d04ae00000) (1024K)]
  0x00000298e92f57a0 JavaThread "Worker-0: Checking project encoding"        [_thread_blocked, id=13588, stack(0x000000d04af00000,0x000000d04b000000) (1024K)]
  0x00000298e92f5e30 JavaThread "Worker-1: Refreshing workspace"        [_thread_blocked, id=56632, stack(0x000000d04b000000,0x000000d04b100000) (1024K)]
  0x00000298e92f4a80 JavaThread "Worker-2"                          [_thread_blocked, id=11896, stack(0x000000d04b100000,0x000000d04b200000) (1024K)]
Total: 22

Other Threads:
  0x00000298c9da8a10 VMThread "VM Thread"                           [id=33032, stack(0x000000d049200000,0x000000d049300000) (1024K)]
  0x00000298e23aca00 WatcherThread "VM Periodic Task Thread"        [id=15968, stack(0x000000d049100000,0x000000d049200000) (1024K)]
  0x00000298c9d28370 WorkerThread "GC Thread#0"                     [id=53792, stack(0x000000d049000000,0x000000d049100000) (1024K)]
  0x00000298e9452320 WorkerThread "GC Thread#1"                     [id=56848, stack(0x000000d049f00000,0x000000d04a000000) (1024K)]
  0x00000298e9451810 WorkerThread "GC Thread#2"                     [id=57056, stack(0x000000d04a000000,0x000000d04a100000) (1024K)]
  0x00000298e9452e30 WorkerThread "GC Thread#3"                     [id=45488, stack(0x000000d04a100000,0x000000d04a200000) (1024K)]
  0x00000298e94526d0 WorkerThread "GC Thread#4"                     [id=36320, stack(0x000000d04a200000,0x000000d04a300000) (1024K)]
  0x00000298e9451bc0 WorkerThread "GC Thread#5"                     [id=54140, stack(0x000000d04a300000,0x000000d04a400000) (1024K)]
  0x00000298e9452a80 WorkerThread "GC Thread#6"                     [id=54456, stack(0x000000d04a400000,0x000000d04a500000) (1024K)]
  0x00000298e9451460 WorkerThread "GC Thread#7"                     [id=51492, stack(0x000000d04a600000,0x000000d04a700000) (1024K)]
  0x00000298e979da90 WorkerThread "GC Thread#8"                     [id=8612, stack(0x000000d04aa00000,0x000000d04ab00000) (1024K)]
  0x00000298e979d6e0 WorkerThread "GC Thread#9"                     [id=55236, stack(0x000000d04ab00000,0x000000d04ac00000) (1024K)]
Total: 12

Threads with active compile tasks:
C2 CompilerThread0  12251 3198       4       java.lang.invoke.MethodType::makeImpl (109 bytes)
Total: 1

VM state: not at safepoint (normal execution)

VM Mutex/Monitor currently owned by a thread: None

Heap address: 0x0000000080000000, size: 2048 MB, Compressed Oops mode: 32-bit

CDS archive(s) mapped at: [0x0000029880000000-0x0000029880ba0000-0x0000029880ba0000), size 12189696, SharedBaseAddress: 0x0000029880000000, ArchiveRelocationMode: 1.
Compressed class space mapped at: 0x0000029881000000-0x00000298c1000000, reserved size: 1073741824
Narrow klass base: 0x0000029880000000, Narrow klass shift: 0, Narrow klass range: 0x100000000

GC Precious Log:
 CardTable entry size: 512
 CPUs: 12 total, 12 available
 Memory: 16068M
 Large Page Support: Disabled
 NUMA Support: Disabled
 Compressed Oops: Enabled (32-bit)
 Alignments: Space 512K, Generation 512K, Heap 2M
 Heap Min Capacity: 100M
 Heap Initial Capacity: 100M
 Heap Max Capacity: 2G
 Pre-touch: Disabled
 Parallel Workers: 10

Heap:
 PSYoungGen      total 29184K, used 19054K [0x00000000d5580000, 0x00000000d7900000, 0x0000000100000000)
  eden space 25088K, 59% used [0x00000000d5580000,0x00000000d6423ac0,0x00000000d6e00000)
  from space 4096K, 99% used [0x00000000d6e80000,0x00000000d7278030,0x00000000d7280000)
  to   space 5632K, 0% used [0x00000000d7380000,0x00000000d7380000,0x00000000d7900000)
 ParOldGen       total 68608K, used 7890K [0x0000000080000000, 0x0000000084300000, 0x00000000d5580000)
  object space 68608K, 11% used [0x0000000080000000,0x00000000807b49f0,0x0000000084300000)
 Metaspace       used 17570K, committed 18176K, reserved 1114112K
  class space    used 1854K, committed 2112K, reserved 1048576K

Card table byte_map: [0x00000298dd810000,0x00000298ddc20000] _byte_map_base: 0x00000298dd410000

Marking Bits: (ParMarkBitMap*) 0x00007ffb0b314460
 Begin Bits: [0x00000298dded0000, 0x00000298dfed0000)
 End Bits:   [0x00000298dfed0000, 0x00000298e1ed0000)

Polling page: 0x00000298c9a20000

Metaspace:

Usage:
  Non-class:     15.35 MB used.
      Class:      1.81 MB used.
       Both:     17.16 MB used.

Virtual space:
  Non-class space:       64.00 MB reserved,      15.69 MB ( 25%) committed,  1 nodes.
      Class space:        1.00 GB reserved,       2.06 MB ( <1%) committed,  1 nodes.
             Both:        1.06 GB reserved,      17.75 MB (  2%) committed. 

Chunk freelists:
   Non-Class:  15.88 MB
       Class:  13.76 MB
        Both:  29.63 MB

MaxMetaspaceSize: unlimited
CompressedClassSpaceSize: 1.00 GB
Initial GC threshold: 21.00 MB
Current GC threshold: 21.00 MB
CDS: on
 - commit_granule_bytes: 65536.
 - commit_granule_words: 8192.
 - virtual_space_node_default_size: 8388608.
 - enlarge_chunks_in_place: 1.
 - use_allocation_guard: 0.


Internal statistics:

num_allocs_failed_limit: 0.
num_arena_births: 556.
num_arena_deaths: 0.
num_vsnodes_births: 2.
num_vsnodes_deaths: 0.
num_space_committed: 284.
num_space_uncommitted: 0.
num_chunks_returned_to_freelist: 0.
num_chunks_taken_from_freelist: 1202.
num_chunk_merges: 0.
num_chunk_splits: 758.
num_chunks_enlarged: 479.
num_inconsistent_stats: 0.

CodeHeap 'non-profiled nmethods': size=120000Kb used=1413Kb max_used=1413Kb free=118586Kb
 bounds [0x00000298d6100000, 0x00000298d6370000, 0x00000298dd630000]
CodeHeap 'profiled nmethods': size=120000Kb used=6621Kb max_used=6621Kb free=113379Kb
 bounds [0x00000298ce630000, 0x00000298cecb0000, 0x00000298d5b60000]
CodeHeap 'non-nmethods': size=5760Kb used=1281Kb max_used=1296Kb free=4478Kb
 bounds [0x00000298d5b60000, 0x00000298d5dd0000, 0x00000298d6100000]
CodeCache: size=245760Kb, used=9315Kb, max_used=9330Kb, free=236443Kb
 total_blobs=3859, nmethods=3300, adapters=465, full_count=0
Compilation: enabled, stopped_count=0, restarted_count=0

Compilation events (20 events):
Event: 9.192 Thread 0x00000298e3948db0 nmethod 3252 0x00000298cec8f190 code [0x00000298cec8f3a0, 0x00000298cec8f940]
Event: 9.192 Thread 0x00000298e3948db0 3253       3       java.lang.invoke.MethodTypeForm::<init> (322 bytes)
Event: 9.194 Thread 0x00000298e3948db0 nmethod 3253 0x00000298cec8fb10 code [0x00000298cec8fe00, 0x00000298cec91278]
Event: 9.194 Thread 0x00000298e3948db0 3256       3       sun.invoke.util.BytecodeDescriptor::unparseMethod (66 bytes)
Event: 9.195 Thread 0x00000298e3948db0 nmethod 3256 0x00000298cec91890 code [0x00000298cec91ac0, 0x00000298cec920a0]
Event: 9.195 Thread 0x00000298e3948db0 3257       1       org.apache.felix.scr.impl.manager.AbstractComponentManager$State::isEnabled (5 bytes)
Event: 9.195 Thread 0x00000298e3948db0 nmethod 3257 0x00000298d625e010 code [0x00000298d625e1a0, 0x00000298d625e270]
Event: 9.195 Thread 0x00000298e3948db0 3258       3       org.eclipse.osgi.internal.serviceregistry.ServiceRegistrationImpl::compareTo (27 bytes)
Event: 9.195 Thread 0x00000298e3948db0 nmethod 3258 0x00000298cec92390 code [0x00000298cec92580, 0x00000298cec92b88]
Event: 9.195 Thread 0x00000298e3948db0 3254       3       java.lang.invoke.MethodHandles$Lookup::getDirectMethodNoSecurityManager (18 bytes)
Event: 9.195 Thread 0x00000298e3948db0 nmethod 3254 0x00000298cec92d10 code [0x00000298cec92ec0, 0x00000298cec93010]
Event: 9.195 Thread 0x00000298e3948db0 3259       3       java.util.TreeMap$Entry::<init> (25 bytes)
Event: 9.195 Thread 0x00000298e3948db0 nmethod 3259 0x00000298cec93110 code [0x00000298cec932c0, 0x00000298cec93470]
Event: 9.455 Thread 0x00000298e3948db0 3260       3       java.lang.Math::max (12 bytes)
Event: 9.456 Thread 0x00000298e3948db0 nmethod 3260 0x00000298cec93510 code [0x00000298cec936a0, 0x00000298cec937d0]
Event: 10.408 Thread 0x00000298e3948db0 3262       3       jdk.internal.misc.Unsafe::putReferenceOpaque (9 bytes)
Event: 10.408 Thread 0x00000298e3948db0 nmethod 3262 0x00000298cec93890 code [0x00000298cec93a20, 0x00000298cec93b50]
Event: 10.409 Thread 0x00000298e3948db0 3263       3       java.util.concurrent.locks.LockSupport::setBlocker (12 bytes)
Event: 10.410 Thread 0x00000298e3948db0 nmethod 3263 0x00000298cec93c10 code [0x00000298cec93dc0, 0x00000298cec93fc8]
Event: 11.640 Thread 0x00000298e3948db0 3265       3       jdk.internal.misc.Unsafe::weakCompareAndSetReference (11 bytes)

GC Heap History (10 events):
Event: 3.948 GC heap before
{Heap before GC invocations=1 (full 0):
 PSYoungGen      total 29696K, used 25600K [0x00000000d5580000, 0x00000000d7680000, 0x0000000100000000)
  eden space 25600K, 100% used [0x00000000d5580000,0x00000000d6e80000,0x00000000d6e80000)
  from space 4096K, 0% used [0x00000000d7280000,0x00000000d7280000,0x00000000d7680000)
  to   space 4096K, 0% used [0x00000000d6e80000,0x00000000d6e80000,0x00000000d7280000)
 ParOldGen       total 68608K, used 0K [0x0000000080000000, 0x0000000084300000, 0x00000000d5580000)
  object space 68608K, 0% used [0x0000000080000000,0x0000000080000000,0x0000000084300000)
 Metaspace       used 4349K, committed 4608K, reserved 1114112K
  class space    used 475K, committed 576K, reserved 1048576K
}
Event: 3.952 GC heap after
{Heap after GC invocations=1 (full 0):
 PSYoungGen      total 29696K, used 3287K [0x00000000d5580000, 0x00000000d7680000, 0x0000000100000000)
  eden space 25600K, 0% used [0x00000000d5580000,0x00000000d5580000,0x00000000d6e80000)
  from space 4096K, 80% used [0x00000000d6e80000,0x00000000d71b5ea8,0x00000000d7280000)
  to   space 4096K, 0% used [0x00000000d7280000,0x00000000d7280000,0x00000000d7680000)
 ParOldGen       total 68608K, used 16K [0x0000000080000000, 0x0000000084300000, 0x00000000d5580000)
  object space 68608K, 0% used [0x0000000080000000,0x0000000080004000,0x0000000084300000)
 Metaspace       used 4349K, committed 4608K, reserved 1114112K
  class space    used 475K, committed 576K, reserved 1048576K
}
Event: 5.442 GC heap before
{Heap before GC invocations=2 (full 0):
 PSYoungGen      total 29696K, used 28887K [0x00000000d5580000, 0x00000000d7680000, 0x0000000100000000)
  eden space 25600K, 100% used [0x00000000d5580000,0x00000000d6e80000,0x00000000d6e80000)
  from space 4096K, 80% used [0x00000000d6e80000,0x00000000d71b5ea8,0x00000000d7280000)
  to   space 4096K, 0% used [0x00000000d7280000,0x00000000d7280000,0x00000000d7680000)
 ParOldGen       total 68608K, used 16K [0x0000000080000000, 0x0000000084300000, 0x00000000d5580000)
  object space 68608K, 0% used [0x0000000080000000,0x0000000080004000,0x0000000084300000)
 Metaspace       used 7977K, committed 8256K, reserved 1114112K
  class space    used 832K, committed 960K, reserved 1048576K
}
Event: 5.448 GC heap after
{Heap after GC invocations=2 (full 0):
 PSYoungGen      total 29696K, used 4077K [0x00000000d5580000, 0x00000000d7680000, 0x0000000100000000)
  eden space 25600K, 0% used [0x00000000d5580000,0x00000000d5580000,0x00000000d6e80000)
  from space 4096K, 99% used [0x00000000d7280000,0x00000000d767b560,0x00000000d7680000)
  to   space 4096K, 0% used [0x00000000d6e80000,0x00000000d6e80000,0x00000000d7280000)
 ParOldGen       total 68608K, used 2030K [0x0000000080000000, 0x0000000084300000, 0x00000000d5580000)
  object space 68608K, 2% used [0x0000000080000000,0x00000000801fb968,0x0000000084300000)
 Metaspace       used 7977K, committed 8256K, reserved 1114112K
  class space    used 832K, committed 960K, reserved 1048576K
}
Event: 5.791 GC heap before
{Heap before GC invocations=3 (full 0):
 PSYoungGen      total 29696K, used 29645K [0x00000000d5580000, 0x00000000d7680000, 0x0000000100000000)
  eden space 25600K, 99% used [0x00000000d5580000,0x00000000d6e77f78,0x00000000d6e80000)
  from space 4096K, 99% used [0x00000000d7280000,0x00000000d767b560,0x00000000d7680000)
  to   space 4096K, 0% used [0x00000000d6e80000,0x00000000d6e80000,0x00000000d7280000)
 ParOldGen       total 68608K, used 2030K [0x0000000080000000, 0x0000000084300000, 0x00000000d5580000)
  object space 68608K, 2% used [0x0000000080000000,0x00000000801fb968,0x0000000084300000)
 Metaspace       used 9440K, committed 9792K, reserved 1114112K
  class space    used 1011K, committed 1152K, reserved 1048576K
}
Event: 5.796 GC heap after
{Heap after GC invocations=3 (full 0):
 PSYoungGen      total 29696K, used 4081K [0x00000000d5580000, 0x00000000d7680000, 0x0000000100000000)
  eden space 25600K, 0% used [0x00000000d5580000,0x00000000d5580000,0x00000000d6e80000)
  from space 4096K, 99% used [0x00000000d6e80000,0x00000000d727c538,0x00000000d7280000)
  to   space 4096K, 0% used [0x00000000d7280000,0x00000000d7280000,0x00000000d7680000)
 ParOldGen       total 68608K, used 4715K [0x0000000080000000, 0x0000000084300000, 0x00000000d5580000)
  object space 68608K, 6% used [0x0000000080000000,0x000000008049afa8,0x0000000084300000)
 Metaspace       used 9440K, committed 9792K, reserved 1114112K
  class space    used 1011K, committed 1152K, reserved 1048576K
}
Event: 8.034 GC heap before
{Heap before GC invocations=4 (full 0):
 PSYoungGen      total 29696K, used 29681K [0x00000000d5580000, 0x00000000d7680000, 0x0000000100000000)
  eden space 25600K, 100% used [0x00000000d5580000,0x00000000d6e80000,0x00000000d6e80000)
  from space 4096K, 99% used [0x00000000d6e80000,0x00000000d727c538,0x00000000d7280000)
  to   space 4096K, 0% used [0x00000000d7280000,0x00000000d7280000,0x00000000d7680000)
 ParOldGen       total 68608K, used 4715K [0x0000000080000000, 0x0000000084300000, 0x00000000d5580000)
  object space 68608K, 6% used [0x0000000080000000,0x000000008049afa8,0x0000000084300000)
 Metaspace       used 11569K, committed 11968K, reserved 1114112K
  class space    used 1227K, committed 1408K, reserved 1048576K
}
Event: 8.037 GC heap after
{Heap after GC invocations=4 (full 0):
 PSYoungGen      total 29696K, used 4087K [0x00000000d5580000, 0x00000000d7680000, 0x0000000100000000)
  eden space 25600K, 0% used [0x00000000d5580000,0x00000000d5580000,0x00000000d6e80000)
  from space 4096K, 99% used [0x00000000d7280000,0x00000000d767dd70,0x00000000d7680000)
  to   space 4096K, 0% used [0x00000000d6e80000,0x00000000d6e80000,0x00000000d7280000)
 ParOldGen       total 68608K, used 6754K [0x0000000080000000, 0x0000000084300000, 0x00000000d5580000)
  object space 68608K, 9% used [0x0000000080000000,0x00000000806989d0,0x0000000084300000)
 Metaspace       used 11569K, committed 11968K, reserved 1114112K
  class space    used 1227K, committed 1408K, reserved 1048576K
}
Event: 8.797 GC heap before
{Heap before GC invocations=5 (full 0):
 PSYoungGen      total 29696K, used 29687K [0x00000000d5580000, 0x00000000d7680000, 0x0000000100000000)
  eden space 25600K, 100% used [0x00000000d5580000,0x00000000d6e80000,0x00000000d6e80000)
  from space 4096K, 99% used [0x00000000d7280000,0x00000000d767dd70,0x00000000d7680000)
  to   space 4096K, 0% used [0x00000000d6e80000,0x00000000d6e80000,0x00000000d7280000)
 ParOldGen       total 68608K, used 6754K [0x0000000080000000, 0x0000000084300000, 0x00000000d5580000)
  object space 68608K, 9% used [0x0000000080000000,0x00000000806989d0,0x0000000084300000)
 Metaspace       used 15521K, committed 16128K, reserved 1114112K
  class space    used 1615K, committed 1920K, reserved 1048576K
}
Event: 8.803 GC heap after
{Heap after GC invocations=5 (full 0):
 PSYoungGen      total 29184K, used 4064K [0x00000000d5580000, 0x00000000d7900000, 0x0000000100000000)
  eden space 25088K, 0% used [0x00000000d5580000,0x00000000d5580000,0x00000000d6e00000)
  from space 4096K, 99% used [0x00000000d6e80000,0x00000000d7278030,0x00000000d7280000)
  to   space 5632K, 0% used [0x00000000d7380000,0x00000000d7380000,0x00000000d7900000)
 ParOldGen       total 68608K, used 7890K [0x0000000080000000, 0x0000000084300000, 0x00000000d5580000)
  object space 68608K, 11% used [0x0000000080000000,0x00000000807b49f0,0x0000000084300000)
 Metaspace       used 15521K, committed 16128K, reserved 1114112K
  class space    used 1615K, committed 1920K, reserved 1048576K
}

Dll operation events (10 events):
Event: 0.063 Loaded shared library c:\Users\aniket.sharma\.antigravity-ide\extensions\redhat.java-1.55.0-win32-x64\jre\21.0.11-win32-x86_64\bin\java.dll
Event: 0.198 Loaded shared library c:\Users\aniket.sharma\.antigravity-ide\extensions\redhat.java-1.55.0-win32-x64\jre\21.0.11-win32-x86_64\bin\zip.dll
Event: 0.248 Loaded shared library C:\Users\aniket.sharma\.antigravity-ide\extensions\redhat.java-1.55.0-win32-x64\jre\21.0.11-win32-x86_64\bin\instrument.dll
Event: 0.261 Loaded shared library C:\Users\aniket.sharma\.antigravity-ide\extensions\redhat.java-1.55.0-win32-x64\jre\21.0.11-win32-x86_64\bin\net.dll
Event: 0.271 Loaded shared library C:\Users\aniket.sharma\.antigravity-ide\extensions\redhat.java-1.55.0-win32-x64\jre\21.0.11-win32-x86_64\bin\nio.dll
Event: 0.279 Loaded shared library C:\Users\aniket.sharma\.antigravity-ide\extensions\redhat.java-1.55.0-win32-x64\jre\21.0.11-win32-x86_64\bin\zip.dll
Event: 0.309 Loaded shared library C:\Users\aniket.sharma\.antigravity-ide\extensions\redhat.java-1.55.0-win32-x64\jre\21.0.11-win32-x86_64\bin\jimage.dll
Event: 0.415 Loaded shared library c:\Users\aniket.sharma\.antigravity-ide\extensions\redhat.java-1.55.0-win32-x64\jre\21.0.11-win32-x86_64\bin\verify.dll
Event: 5.474 Loaded shared library C:\Users\aniket.sharma\AppData\Roaming\Antigravity IDE\User\globalStorage\redhat.java\1.55.0\config_win\org.eclipse.equinox.launcher\org.eclipse.equinox.launcher.win32.win32.x86_64_1.3.100.v20260613-0559\eclipse_11924.dll
Event: 9.078 Loaded shared library C:\Users\aniket.sharma\AppData\Local\Temp\jna--1224371638\jna7817138866664656966.dll

Deoptimization events (20 events):
Event: 8.964 Thread 0x00000298e931b150 Uncommon trap: trap_request=0xffffff45 fr.pc=0x00000298d613720c relative=0x000000000000064c
Event: 8.964 Thread 0x00000298e931b150 Uncommon trap: reason=unstable_if action=reinterpret pc=0x00000298d613720c method=java.lang.String.replace(Ljava/lang/CharSequence;Ljava/lang/CharSequence;)Ljava/lang/String; @ 42 c2
Event: 8.964 Thread 0x00000298e931b150 DEOPT PACKING pc=0x00000298d613720c sp=0x000000d04a9f7b60
Event: 8.964 Thread 0x00000298e931b150 DEOPT UNPACKING pc=0x00000298d5bb3aa2 sp=0x000000d04a9f7ad0 mode 2
Event: 9.132 Thread 0x00000298e931b150 Uncommon trap: trap_request=0xffffffde fr.pc=0x00000298d62431f0 relative=0x0000000000000050
Event: 9.132 Thread 0x00000298e931b150 Uncommon trap: reason=class_check action=maybe_recompile pc=0x00000298d62431f0 method=java.lang.invoke.DirectMethodHandle.internalMemberName(Ljava/lang/Object;)Ljava/lang/Object; @ 1 c2
Event: 9.132 Thread 0x00000298e931b150 DEOPT PACKING pc=0x00000298d62431f0 sp=0x000000d04a9f41f0
Event: 9.132 Thread 0x00000298e931b150 DEOPT UNPACKING pc=0x00000298d5bb3aa2 sp=0x000000d04a9f4180 mode 2
Event: 9.136 Thread 0x00000298e931b150 Uncommon trap: trap_request=0xffffffc6 fr.pc=0x00000298d61b5488 relative=0x0000000000000b88
Event: 9.136 Thread 0x00000298e931b150 Uncommon trap: reason=bimorphic_or_optimized_type_check action=maybe_recompile pc=0x00000298d61b5488 method=java.util.HashMap.putVal(ILjava/lang/Object;Ljava/lang/Object;ZZ)Ljava/lang/Object; @ 91 c2
Event: 9.136 Thread 0x00000298e931b150 DEOPT PACKING pc=0x00000298d61b5488 sp=0x000000d04a9f8200
Event: 9.136 Thread 0x00000298e931b150 DEOPT UNPACKING pc=0x00000298d5bb3aa2 sp=0x000000d04a9f8128 mode 2
Event: 9.136 Thread 0x00000298e931b150 Uncommon trap: trap_request=0xffffff45 fr.pc=0x00000298d625199c relative=0x000000000000093c
Event: 9.136 Thread 0x00000298e931b150 Uncommon trap: reason=unstable_if action=reinterpret pc=0x00000298d625199c method=java.util.concurrent.ConcurrentHashMap.putVal(Ljava/lang/Object;Ljava/lang/Object;Z)Ljava/lang/Object; @ 401 c2
Event: 9.136 Thread 0x00000298e931b150 DEOPT PACKING pc=0x00000298d625199c sp=0x000000d04a9f7a00
Event: 9.136 Thread 0x00000298e931b150 DEOPT UNPACKING pc=0x00000298d5bb3aa2 sp=0x000000d04a9f7970 mode 2
Event: 9.195 Thread 0x00000298e92f57a0 Uncommon trap: trap_request=0xffffff45 fr.pc=0x00000298d6206760 relative=0x00000000000000c0
Event: 9.195 Thread 0x00000298e92f57a0 Uncommon trap: reason=unstable_if action=reinterpret pc=0x00000298d6206760 method=java.util.concurrent.locks.ReentrantLock$NonfairSync.initialTryLock()Z @ 25 c2
Event: 9.195 Thread 0x00000298e92f57a0 DEOPT PACKING pc=0x00000298d6206760 sp=0x000000d04affe130
Event: 9.195 Thread 0x00000298e92f57a0 DEOPT UNPACKING pc=0x00000298d5bb3aa2 sp=0x000000d04affe0b8 mode 2

Classes loaded (20 events):
Event: 9.114 Loading class jdk/internal/reflect/MethodHandleIntegerFieldAccessorImpl
Event: 9.114 Loading class jdk/internal/reflect/MethodHandleIntegerFieldAccessorImpl done
Event: 9.125 Loading class java/io/PrintWriter
Event: 9.125 Loading class java/io/PrintWriter done
Event: 9.131 Loading class java/util/stream/SliceOps
Event: 9.131 Loading class java/util/stream/SliceOps done
Event: 9.131 Loading class java/util/stream/SliceOps$1
Event: 9.131 Loading class java/util/stream/SliceOps$1 done
Event: 9.131 Loading class java/util/stream/SliceOps$1$1
Event: 9.132 Loading class java/util/stream/SliceOps$1$1 done
Event: 9.135 Loading class jdk/internal/reflect/MethodHandleShortFieldAccessorImpl
Event: 9.135 Loading class jdk/internal/reflect/MethodHandleShortFieldAccessorImpl done
Event: 9.135 Loading class java/lang/Short$ShortCache
Event: 9.135 Loading class java/lang/Short$ShortCache done
Event: 9.160 Loading class java/util/function/LongUnaryOperator
Event: 9.160 Loading class java/util/function/LongUnaryOperator done
Event: 9.161 Loading class java/lang/ThreadDeath
Event: 9.161 Loading class java/lang/ThreadDeath done
Event: 9.175 Loading class java/util/stream/SortedOps$SizedRefSortingSink
Event: 9.175 Loading class java/util/stream/SortedOps$SizedRefSortingSink done

Classes unloaded (0 events):
No events

Classes redefined (0 events):
No events

Internal exceptions (20 events):
Event: 8.732 Thread 0x00000298e931b150 Exception <a 'java/io/FileNotFoundException'{0x00000000d6b7aa08}> (0x00000000d6b7aa08) 
thrown [s\src\hotspot\share\prims\jni.cpp, line 520]
Event: 8.903 Thread 0x00000298e931b150 Exception <a 'java/lang/NoSuchMethodError'{0x00000000d58ff458}: 'java.lang.Object java.lang.invoke.DirectMethodHandle$Holder.invokeStaticInit(java.lang.Object, int)'> (0x00000000d58ff458) 
thrown [s\src\hotspot\share\interpreter\linkResolver.cpp, line 773]
Event: 8.968 Thread 0x00000298e931b150 Exception <a 'java/lang/NoSuchMethodError'{0x00000000d5b84ad0}: 'java.lang.Object java.lang.invoke.DirectMethodHandle$Holder.invokeStaticInit(java.lang.Object, int, int, int, int)'> (0x00000000d5b84ad0) 
thrown [s\src\hotspot\share\interpreter\linkResolver.cpp, line 773]
Event: 9.041 Thread 0x00000298e931b150 Exception <a 'java/lang/NoSuchMethodError'{0x00000000d5cea380}: 'java.lang.Object java.lang.invoke.DirectMethodHandle$Holder.invokeStaticInit(java.lang.Object, java.lang.Object, int, int, int, int)'> (0x00000000d5cea380) 
thrown [s\src\hotspot\share\interpreter\linkResolver.cpp, line 773]
Event: 9.114 Thread 0x00000298e931b150 Exception <a 'java/lang/NoSuchMethodError'{0x00000000d5e0d5f8}: 'void java.lang.invoke.DirectMethodHandle$Holder.invokeSpecial(java.lang.Object, java.lang.Object, java.lang.Object, int)'> (0x00000000d5e0d5f8) 
thrown [s\src\hotspot\share\interpreter\linkResolver.cpp, line 773]
Event: 9.115 Thread 0x00000298e931b150 Exception <a 'java/lang/NoSuchMethodError'{0x00000000d5e10f88}: 'void java.lang.invoke.DelegatingMethodHandle$Holder.reinvoke_L(java.lang.Object, java.lang.Object, int)'> (0x00000000d5e10f88) 
thrown [s\src\hotspot\share\interpreter\linkResolver.cpp, line 773]
Event: 9.115 Thread 0x00000298e931b150 Exception <a 'java/lang/NoSuchMethodError'{0x00000000d5e17c70}: 'int java.lang.invoke.Invokers$Holder.invokeExact_MT(java.lang.Object, java.lang.Object, java.lang.Object)'> (0x00000000d5e17c70) 
thrown [s\src\hotspot\share\interpreter\linkResolver.cpp, line 773]
Event: 9.130 Thread 0x00000298e931b150 Exception <a 'java/lang/NoSuchMethodError'{0x00000000d5f73250}: method resolution failed> (0x00000000d5f73250) 
thrown [s\src\hotspot\share\prims\methodHandles.cpp, line 1136]
Event: 9.137 Thread 0x00000298e931b150 Exception <a 'java/lang/NoSuchMethodError'{0x00000000d5fcbab8}: 'void java.lang.invoke.Invokers$Holder.invokeExact_MT(java.lang.Object, java.lang.Object, int, java.lang.Object)'> (0x00000000d5fcbab8) 
thrown [s\src\hotspot\share\interpreter\linkResolver.cpp, line 773]
Event: 9.157 Thread 0x00000298e931b150 Exception <a 'java/lang/NoSuchMethodError'{0x00000000d60d62b8}: 'java.lang.Object java.lang.invoke.DirectMethodHandle$Holder.invokeSpecial(java.lang.Object, java.lang.Object, java.lang.Object, long, java.lang.Object)'> (0x00000000d60d62b8) 
thrown [s\src\hotspot\share\interpreter\linkResolver.cpp, line 773]
Event: 9.158 Thread 0x00000298e931b150 Exception <a 'java/lang/NoSuchMethodError'{0x00000000d60ddb00}: 'java.lang.Object java.lang.invoke.DirectMethodHandle$Holder.newInvokeSpecial(java.lang.Object, java.lang.Object, java.lang.Object, long)'> (0x00000000d60ddb00) 
thrown [s\src\hotspot\share\interpreter\linkResolver.cpp, line 773]
Event: 9.158 Thread 0x00000298e931b150 Exception <a 'java/lang/NoSuchMethodError'{0x00000000d60e1eb0}: 'java.lang.Object java.lang.invoke.DirectMethodHandle$Holder.invokeSpecial(java.lang.Object, java.lang.Object, java.lang.Object, java.lang.Object, long)'> (0x00000000d60e1eb0) 
thrown [s\src\hotspot\share\interpreter\linkResolver.cpp, line 773]
Event: 9.159 Thread 0x00000298e931b150 Exception <a 'java/lang/NoSuchMethodError'{0x00000000d60e5ad0}: 'java.lang.Object java.lang.invoke.Invokers$Holder.linkToTargetMethod(java.lang.Object, java.lang.Object, long, java.lang.Object)'> (0x00000000d60e5ad0) 
thrown [s\src\hotspot\share\interpreter\linkResolver.cpp, line 773]
Event: 9.172 Thread 0x00000298e931b150 Exception <a 'java/lang/NoSuchMethodError'{0x00000000d6160ce8}: 'int java.lang.invoke.DirectMethodHandle$Holder.invokeStaticInit(java.lang.Object, java.lang.Object, java.lang.Object)'> (0x00000000d6160ce8) 
thrown [s\src\hotspot\share\interpreter\linkResolver.cpp, line 773]
Event: 9.187 Thread 0x00000298e931b150 Exception <a 'java/lang/IncompatibleClassChangeError'{0x00000000d620da50}: Found class java.lang.Object, but interface was expected> (0x00000000d620da50) 
thrown [s\src\hotspot\share\interpreter\linkResolver.cpp, line 840]
Event: 9.190 Thread 0x00000298e931b150 Exception <a 'java/lang/NoSuchMethodError'{0x00000000d621d950}: 'java.lang.Object java.lang.invoke.DirectMethodHandle$Holder.invokeSpecial(java.lang.Object, java.lang.Object, java.lang.Object, int, java.lang.Object, java.lang.Object)'> (0x00000000d621d950) 
thrown [s\src\hotspot\share\interpreter\linkResolver.cpp, line 773]
Event: 9.191 Thread 0x00000298e931b150 Exception <a 'java/lang/NoSuchMethodError'{0x00000000d62253e0}: 'java.lang.Object java.lang.invoke.DirectMethodHandle$Holder.newInvokeSpecial(java.lang.Object, java.lang.Object, java.lang.Object, int, java.lang.Object)'> (0x00000000d62253e0) 
thrown [s\src\hotspot\share\interpreter\linkResolver.cpp, line 773]
Event: 9.191 Thread 0x00000298e931b150 Exception <a 'java/lang/NoSuchMethodError'{0x00000000d6229360}: 'java.lang.Object java.lang.invoke.DirectMethodHandle$Holder.invokeSpecial(java.lang.Object, java.lang.Object, java.lang.Object, java.lang.Object, int, java.lang.Object)'> (0x00000000d6229360) 
thrown [s\src\hotspot\share\interpreter\linkResolver.cpp, line 773]
Event: 9.191 Thread 0x00000298e931b150 Exception <a 'java/lang/NoSuchMethodError'{0x00000000d622cea0}: 'java.lang.Object java.lang.invoke.Invokers$Holder.linkToTargetMethod(java.lang.Object, java.lang.Object, int, java.lang.Object, java.lang.Object)'> (0x00000000d622cea0) 
thrown [s\src\hotspot\share\interpreter\linkResolver.cpp, line 773]
Event: 9.192 Thread 0x00000298e92f57a0 Exception <a 'java/lang/NoSuchMethodError'{0x00000000d613c630}: 'java.lang.Object java.lang.invoke.DirectMethodHandle$Holder.invokeSpecial(java.lang.Object, java.lang.Object, int, java.lang.Object, java.lang.Object)'> (0x00000000d613c630) 
thrown [s\src\hotspot\share\interpreter\linkResolver.cpp, line 773]

ZGC Phase Switch (0 events):
No events

VM Operations (20 events):
Event: 5.796 Executing safepoint VM operation: ParallelGCFailedAllocation (Allocation Failure) done
Event: 6.043 Executing non-safepoint VM operation: HandshakeAllThreads (Deoptimize)
Event: 6.043 Executing non-safepoint VM operation: HandshakeAllThreads (Deoptimize) done
Event: 7.045 Executing safepoint VM operation: Cleanup
Event: 7.045 Executing safepoint VM operation: Cleanup done
Event: 8.026 Executing non-safepoint VM operation: HandshakeAllThreads (Deoptimize)
Event: 8.026 Executing non-safepoint VM operation: HandshakeAllThreads (Deoptimize) done
Event: 8.034 Executing safepoint VM operation: ParallelGCFailedAllocation (Allocation Failure)
Event: 8.038 Executing safepoint VM operation: ParallelGCFailedAllocation (Allocation Failure) done
Event: 8.642 Executing safepoint VM operation: ICBufferFull
Event: 8.642 Executing safepoint VM operation: ICBufferFull done
Event: 8.755 Executing non-safepoint VM operation: HandshakeAllThreads (Deoptimize)
Event: 8.755 Executing non-safepoint VM operation: HandshakeAllThreads (Deoptimize) done
Event: 8.797 Executing safepoint VM operation: ParallelGCFailedAllocation (Allocation Failure)
Event: 8.803 Executing safepoint VM operation: ParallelGCFailedAllocation (Allocation Failure) done
Event: 9.025 Executing non-safepoint VM operation: HandshakeAllThreads (Deoptimize)
Event: 9.025 Executing non-safepoint VM operation: HandshakeAllThreads (Deoptimize) done
Event: 9.098 Executing non-safepoint VM operation: HandshakeAllThreads (Deoptimize)
Event: 9.098 Executing non-safepoint VM operation: HandshakeAllThreads (Deoptimize) done
Event: 10.108 Executing safepoint VM operation: Cleanup

Memory protections (0 events):
No events

Nmethod flushes (0 events):
No events

Events (20 events):
Event: 0.155 Thread 0x00000298c9d0a0f0 Thread added: 0x00000298e3948db0
Event: 0.210 Thread 0x00000298e3948db0 Thread added: 0x00000298e3b1a570
Event: 0.252 Thread 0x00000298c9d0a0f0 Thread added: 0x00000298e3bba7f0
Event: 0.530 Thread 0x00000298c9d0a0f0 Thread added: 0x00000298e3cf61e0
Event: 0.629 Thread 0x00000298e3948db0 Thread added: 0x00000298e3cdcd70
Event: 5.302 Thread 0x00000298c9d0a0f0 Thread added: 0x00000298e98a6c60
Event: 5.461 Thread 0x00000298c9d0a0f0 Thread added: 0x00000298e949d840
Event: 5.486 Thread 0x00000298e949d840 Thread added: 0x00000298e931a710
Event: 5.488 Thread 0x00000298c9d0a0f0 Thread added: 0x00000298e931b150
Event: 5.853 Thread 0x00000298e931b150 Thread added: 0x00000298e3c589c0
Event: 5.908 Thread 0x00000298e3cdcd70 Thread exited: 0x00000298e3cdcd70
Event: 6.176 Thread 0x00000298e3b1a570 Thread exited: 0x00000298e3b1a570
Event: 7.946 Thread 0x00000298e931b150 Thread added: 0x00000298e99b26f0
Event: 8.127 Thread 0x00000298e3948db0 Thread added: 0x00000298e97a8b20
Event: 8.128 Thread 0x00000298e3948db0 Thread added: 0x00000298e97a91d0
Event: 8.513 Thread 0x00000298e931b150 Thread added: 0x00000298e9d49350
Event: 8.657 Thread 0x00000298e97a91d0 Thread exited: 0x00000298e97a91d0
Event: 9.122 Thread 0x00000298e931b150 Thread added: 0x00000298e92f5110
Event: 9.164 Thread 0x00000298e931b150 Thread added: 0x00000298e92f57a0
Event: 9.192 Thread 0x00000298e931b150 Thread added: 0x00000298e92f5e30


Dynamic libraries:
0x00007ff6ff490000 - 0x00007ff6ff49e000 	c:\Users\aniket.sharma\.antigravity-ide\extensions\redhat.java-1.55.0-win32-x64\jre\21.0.11-win32-x86_64\bin\java.exe
0x00007ffbafde0000 - 0x00007ffbb0048000 	C:\WINDOWS\SYSTEM32\ntdll.dll
0x00007ffbaf380000 - 0x00007ffbaf449000 	C:\WINDOWS\System32\KERNEL32.DLL
0x00007ffbac960000 - 0x00007ffbacd51000 	C:\WINDOWS\System32\KERNELBASE.dll
0x00007ffbacd60000 - 0x00007ffbaceab000 	C:\WINDOWS\System32\ucrtbase.dll
0x00007ffb8d690000 - 0x00007ffb8d6a8000 	c:\Users\aniket.sharma\.antigravity-ide\extensions\redhat.java-1.55.0-win32-x64\jre\21.0.11-win32-x86_64\bin\jli.dll
0x00007ffbae9c0000 - 0x00007ffbaeb86000 	C:\WINDOWS\System32\USER32.dll
0x00007ffb92d40000 - 0x00007ffb92fd3000 	C:\WINDOWS\WinSxS\amd64_microsoft.windows.common-controls_6595b64144ccf1df_6.0.26100.7824_none_3e0870b2e3345462\COMCTL32.dll
0x00007ffbaceb0000 - 0x00007ffbaced7000 	C:\WINDOWS\System32\win32u.dll
0x00007ffbadeb0000 - 0x00007ffbadedb000 	C:\WINDOWS\System32\GDI32.dll
0x00007ffbaf7a0000 - 0x00007ffbaf849000 	C:\WINDOWS\System32\msvcrt.dll
0x00007ffbac770000 - 0x00007ffbac89b000 	C:\WINDOWS\System32\gdi32full.dll
0x00007ffb8d6b0000 - 0x00007ffb8d6ce000 	c:\Users\aniket.sharma\.antigravity-ide\extensions\redhat.java-1.55.0-win32-x64\jre\21.0.11-win32-x86_64\bin\VCRUNTIME140.dll
0x00007ffbac6c0000 - 0x00007ffbac763000 	C:\WINDOWS\System32\msvcp_win.dll
0x00007ffbaf5c0000 - 0x00007ffbaf5f1000 	C:\WINDOWS\System32\IMM32.DLL
0x00000298c9a40000 - 0x00000298c9a56000 	C:\WINDOWS\System32\umppc21003.dll
0x00000298c9c90000 - 0x00000298c9ca4000 	C:\WINDOWS\System32\CsXumd64_21003.dll
0x00007ffba71d0000 - 0x00007ffba71dc000 	c:\Users\aniket.sharma\.antigravity-ide\extensions\redhat.java-1.55.0-win32-x64\jre\21.0.11-win32-x86_64\bin\vcruntime140_1.dll
0x00007ffb5ed40000 - 0x00007ffb5edcd000 	c:\Users\aniket.sharma\.antigravity-ide\extensions\redhat.java-1.55.0-win32-x64\jre\21.0.11-win32-x86_64\bin\msvcp140.dll
0x00007ffb0a650000 - 0x00007ffb0b3f2000 	c:\Users\aniket.sharma\.antigravity-ide\extensions\redhat.java-1.55.0-win32-x64\jre\21.0.11-win32-x86_64\bin\server\jvm.dll
0x00007ffbae360000 - 0x00007ffbae414000 	C:\WINDOWS\System32\ADVAPI32.dll
0x00007ffbadb80000 - 0x00007ffbadc26000 	C:\WINDOWS\System32\sechost.dll
0x00007ffbae7c0000 - 0x00007ffbae8d8000 	C:\WINDOWS\System32\RPCRT4.dll
0x00007ffbadc60000 - 0x00007ffbadcd4000 	C:\WINDOWS\System32\WS2_32.dll
0x00007ffbac520000 - 0x00007ffbac57e000 	C:\WINDOWS\SYSTEM32\POWRPROF.dll
0x00007ffba5bb0000 - 0x00007ffba5be5000 	C:\WINDOWS\SYSTEM32\WINMM.dll
0x00007ffb980c0000 - 0x00007ffb980cb000 	C:\WINDOWS\SYSTEM32\VERSION.dll
0x00007ffbac500000 - 0x00007ffbac514000 	C:\WINDOWS\SYSTEM32\UMPDC.dll
0x00007ffbab2f0000 - 0x00007ffbab30b000 	C:\WINDOWS\SYSTEM32\kernel.appcore.dll
0x00007ffb986b0000 - 0x00007ffb986ba000 	c:\Users\aniket.sharma\.antigravity-ide\extensions\redhat.java-1.55.0-win32-x64\jre\21.0.11-win32-x86_64\bin\jimage.dll
0x00007ffbaa1a0000 - 0x00007ffbaa3e2000 	C:\WINDOWS\SYSTEM32\DBGHELP.DLL
0x00007ffbae420000 - 0x00007ffbae7a6000 	C:\WINDOWS\System32\combase.dll
0x00007ffbae8e0000 - 0x00007ffbae9b7000 	C:\WINDOWS\System32\OLEAUT32.dll
0x00007ffb96770000 - 0x00007ffb967ab000 	C:\WINDOWS\SYSTEM32\dbgcore.DLL
0x00007ffbada40000 - 0x00007ffbadae5000 	C:\WINDOWS\System32\bcryptPrimitives.dll
0x00007ffb97e40000 - 0x00007ffb97e4f000 	c:\Users\aniket.sharma\.antigravity-ide\extensions\redhat.java-1.55.0-win32-x64\jre\21.0.11-win32-x86_64\bin\instrument.dll
0x00007ffb8d200000 - 0x00007ffb8d220000 	c:\Users\aniket.sharma\.antigravity-ide\extensions\redhat.java-1.55.0-win32-x64\jre\21.0.11-win32-x86_64\bin\java.dll
0x00007ffbaeba0000 - 0x00007ffbaf2f2000 	C:\WINDOWS\System32\SHELL32.dll
0x00007ffbacee0000 - 0x00007ffbad04a000 	C:\WINDOWS\System32\wintypes.dll
0x00007ffbad1d0000 - 0x00007ffbada33000 	C:\WINDOWS\System32\windows.storage.dll
0x00007ffbae060000 - 0x00007ffbae156000 	C:\WINDOWS\System32\SHCORE.dll
0x00007ffbaf300000 - 0x00007ffbaf367000 	C:\WINDOWS\System32\shlwapi.dll
0x00007ffbac5e0000 - 0x00007ffbac609000 	C:\WINDOWS\SYSTEM32\profapi.dll
0x00007ffb8c7c0000 - 0x00007ffb8c7d8000 	c:\Users\aniket.sharma\.antigravity-ide\extensions\redhat.java-1.55.0-win32-x64\jre\21.0.11-win32-x86_64\bin\zip.dll
0x00007ffb97540000 - 0x00007ffb97550000 	C:\Users\aniket.sharma\.antigravity-ide\extensions\redhat.java-1.55.0-win32-x64\jre\21.0.11-win32-x86_64\bin\net.dll
0x00007ffbab310000 - 0x00007ffbab437000 	C:\WINDOWS\SYSTEM32\WINHTTP.dll
0x00007ffbab970000 - 0x00007ffbab9db000 	C:\WINDOWS\system32\mswsock.dll
0x00007ffb8c7a0000 - 0x00007ffb8c7b6000 	C:\Users\aniket.sharma\.antigravity-ide\extensions\redhat.java-1.55.0-win32-x64\jre\21.0.11-win32-x86_64\bin\nio.dll
0x00007ffb97500000 - 0x00007ffb97510000 	c:\Users\aniket.sharma\.antigravity-ide\extensions\redhat.java-1.55.0-win32-x64\jre\21.0.11-win32-x86_64\bin\verify.dll
0x00007ffb6a4a0000 - 0x00007ffb6a4e5000 	C:\Users\aniket.sharma\AppData\Roaming\Antigravity IDE\User\globalStorage\redhat.java\1.55.0\config_win\org.eclipse.equinox.launcher\org.eclipse.equinox.launcher.win32.win32.x86_64_1.3.100.v20260613-0559\eclipse_11924.dll
0x00007ffbaf600000 - 0x00007ffbaf797000 	C:\WINDOWS\System32\ole32.dll
0x00007ffbabd60000 - 0x00007ffbabd7b000 	C:\WINDOWS\SYSTEM32\CRYPTSP.dll
0x00007ffbab250000 - 0x00007ffbab289000 	C:\WINDOWS\system32\rsaenh.dll
0x00007ffbaba20000 - 0x00007ffbaba4b000 	C:\WINDOWS\SYSTEM32\USERENV.dll
0x00007ffbac5b0000 - 0x00007ffbac5da000 	C:\WINDOWS\SYSTEM32\bcrypt.dll
0x00007ffbabbc0000 - 0x00007ffbabbcc000 	C:\WINDOWS\SYSTEM32\CRYPTBASE.dll
0x00007ffbaaaf0000 - 0x00007ffbaab24000 	C:\WINDOWS\SYSTEM32\IPHLPAPI.DLL
0x00007ffbaeb90000 - 0x00007ffbaeb9a000 	C:\WINDOWS\System32\NSI.dll
0x00007ffb67130000 - 0x00007ffb67179000 	C:\Users\aniket.sharma\AppData\Local\Temp\jna--1224371638\jna7817138866664656966.dll
0x00007ffbae7b0000 - 0x00007ffbae7b8000 	C:\WINDOWS\System32\PSAPI.DLL

JVMTI agents:
c:\Users\aniket.sharma\.antigravity-ide\extensions\redhat.java-1.55.0-win32-x64\lombok\lombok-1.18.39-4050.jar path:c:\Users\aniket.sharma\.antigravity-ide\extensions\redhat.java-1.55.0-win32-x64\jre\21.0.11-win32-x86_64\bin\instrument.dll, loaded, initialized, instrumentlib options:none

dbghelp: loaded successfully - version: 4.0.5 - missing functions: none
symbol engine: initialized successfully - sym options: 0x614 - pdb path: .;c:\Users\aniket.sharma\.antigravity-ide\extensions\redhat.java-1.55.0-win32-x64\jre\21.0.11-win32-x86_64\bin;C:\WINDOWS\SYSTEM32;C:\WINDOWS\WinSxS\amd64_microsoft.windows.common-controls_6595b64144ccf1df_6.0.26100.7824_none_3e0870b2e3345462;c:\Users\aniket.sharma\.antigravity-ide\extensions\redhat.java-1.55.0-win32-x64\jre\21.0.11-win32-x86_64\bin\server;C:\Users\aniket.sharma\AppData\Roaming\Antigravity IDE\User\globalStorage\redhat.java\1.55.0\config_win\org.eclipse.equinox.launcher\org.eclipse.equinox.launcher.win32.win32.x86_64_1.3.100.v20260613-0559;C:\Users\aniket.sharma\AppData\Local\Temp\jna--1224371638

VM Arguments:
jvm_args: --add-modules=ALL-SYSTEM --add-opens=java.base/java.util=ALL-UNNAMED --add-opens=java.base/java.lang=ALL-UNNAMED --add-opens=java.base/sun.nio.fs=ALL-UNNAMED -Declipse.application=org.eclipse.jdt.ls.core.id1 -Dosgi.bundles.defaultStartLevel=4 -Declipse.product=org.eclipse.jdt.ls.core.product -Djava.import.generatesMetadataFilesAtProjectRoot=false -DDetectVMInstallationsJob.disabled=true -Dfile.encoding=utf8 -XX:+UseParallelGC -XX:GCTimeRatio=4 -XX:AdaptiveSizePolicyWeight=90 -Dsun.zip.disableMemoryMapping=true -Xmx2G -Xms100m -Xlog:disable -javaagent:c:\Users\aniket.sharma\.antigravity-ide\extensions\redhat.java-1.55.0-win32-x64\lombok\lombok-1.18.39-4050.jar -XX:+HeapDumpOnOutOfMemoryError -XX:HeapDumpPath=c:\Users\aniket.sharma\AppData\Roaming\Antigravity IDE\User\workspaceStorage\e836666844574c601d2f17efaa29c91f\redhat.java -Daether.dependencyCollector.impl=bf 
java_command: c:\Users\aniket.sharma\.antigravity-ide\extensions\redhat.java-1.55.0-win32-x64\server\plugins\org.eclipse.equinox.launcher_1.7.200.v20260619-2039.jar -configuration c:\Users\aniket.sharma\AppData\Roaming\Antigravity IDE\User\globalStorage\redhat.java\1.55.0\config_win -data c:\Users\aniket.sharma\AppData\Roaming\Antigravity IDE\User\workspaceStorage\e836666844574c601d2f17efaa29c91f\redhat.java\jdt_ws --pipe=\\.\pipe\lsp-5dd8bd77982a667381ad6454babd04f1-sock
java_class_path (initial): c:\Users\aniket.sharma\.antigravity-ide\extensions\redhat.java-1.55.0-win32-x64\server\plugins\org.eclipse.equinox.launcher_1.7.200.v20260619-2039.jar
Launcher Type: SUN_STANDARD

[Global flags]
    uintx AdaptiveSizePolicyWeight                 = 90                                        {product} {command line}
     intx CICompilerCount                          = 4                                         {product} {ergonomic}
    uintx GCTimeRatio                              = 4                                         {product} {command line}
     bool HeapDumpOnOutOfMemoryError               = true                                   {manageable} {command line}
    ccstr HeapDumpPath                             = c:\Users\aniket.sharma\AppData\Roaming\Antigravity IDE\User\workspaceStorage\e836666844574c601d2f17efaa29c91f\redhat.java         {manageable} {command line}
   size_t InitialHeapSize                          = 104857600                                 {product} {command line}
   size_t MaxHeapSize                              = 2147483648                                {product} {command line}
   size_t MaxNewSize                               = 715653120                                 {product} {ergonomic}
   size_t MinHeapDeltaBytes                        = 524288                                    {product} {ergonomic}
   size_t MinHeapSize                              = 104857600                                 {product} {command line}
   size_t NewSize                                  = 34603008                                  {product} {ergonomic}
    uintx NonNMethodCodeHeapSize                   = 5839372                                {pd product} {ergonomic}
    uintx NonProfiledCodeHeapSize                  = 122909434                              {pd product} {ergonomic}
   size_t OldSize                                  = 70254592                                  {product} {ergonomic}
    uintx ProfiledCodeHeapSize                     = 122909434                              {pd product} {ergonomic}
    uintx ReservedCodeCacheSize                    = 251658240                              {pd product} {ergonomic}
     bool SegmentedCodeCache                       = true                                      {product} {ergonomic}
   size_t SoftMaxHeapSize                          = 2147483648                             {manageable} {ergonomic}
     bool UseCompressedOops                        = true                           {product lp64_product} {ergonomic}
     bool UseLargePagesIndividualAllocation        = false                                  {pd product} {ergonomic}
     bool UseParallelGC                            = true                                      {product} {command line}

Logging:
Log output configuration:
 #0: stdout all=off uptime,level,tags foldmultilines=false
 #1: stderr all=off uptime,level,tags foldmultilines=false

Release file:
JAVA_VERSION="21.0.11" 
MODULES="java.base java.compiler java.datatransfer java.xml java.prefs java.desktop java.instrument java.logging java.management java.security.sasl java.naming java.rmi java.management.rmi java.net.http java.scripting java.security.jgss java.transaction.xa java.sql java.sql.rowset java.xml.crypto java.se java.smartcardio jdk.accessibility jdk.internal.jvmstat jdk.attach jdk.charsets jdk.internal.opt jdk.zipfs jdk.compiler jdk.crypto.ec jdk.crypto.cryptoki jdk.crypto.mscapi jdk.dynalink jdk.internal.ed jdk.editpad jdk.hotspot.agent jdk.httpserver jdk.internal.le jdk.internal.vm.ci jdk.internal.vm.compiler jdk.internal.vm.compiler.management jdk.jartool jdk.javadoc jdk.jcmd jdk.management jdk.management.agent jdk.jconsole jdk.jdeps jdk.jdwp.agent jdk.jdi jdk.jfr jdk.jshell jdk.jsobject jdk.jstatd jdk.localedata jdk.management.jfr jdk.naming.dns jdk.naming.rmi jdk.net jdk.nio.mapmode jdk.random jdk.sctp jdk.security.auth jdk.security.jgss jdk.unsupported jdk.unsupported.desktop jdk.xml.dom" 

Environment Variables:
PATH=C:\Program Files\Common Files\Oracle\Java\javapath;C:\Program Files (x86)\Common Files\Oracle\Java\java8path;C:\Program Files (x86)\Common Files\Oracle\Java\javapath;C:\WINDOWS\system32;C:\WINDOWS;C:\WINDOWS\System32\Wbem;C:\WINDOWS\System32\WindowsPowerShell\v1.0\;C:\WINDOWS\System32\OpenSSH\;C:\Program Files\TortoiseSVN\bin;C:\Program Files\dotnet\;C:\Program Files\TortoiseGit\bin;C:\Program Files\nodejs\;C:\Program Files\Git\cmd;C:\Program Files\GitHub CLI\;C:\Program Files\Docker\Docker\resources\bin;C:\Users\aniket.sharma\AppData\Local\Microsoft\WindowsApps;C:\ProgramData\aniket.sharma\GitHubDesktop\bin;C:\Users\aniket.sharma\AppData\Local\GitHubDesktop\bin;C:\Users\aniket.sharma\AppData\Roaming\npm;C:\Users\aniket.sharma\AppData\Local\Programs\Microsoft VS Code\bin;C:\Users\aniket.sharma\AppData\Local\Programs\Antigravity IDE\bin;C:\Users\aniket.sharma\AppData\Local\Python\bin
USERNAME=aniket.sharma
OS=Windows_NT
PROCESSOR_IDENTIFIER=Intel64 Family 6 Model 186 Stepping 3, GenuineIntel
TMP=C:\Users\ANIKET~1.SHA\AppData\Local\Temp
TEMP=C:\Users\ANIKET~1.SHA\AppData\Local\Temp




Periodic native trim disabled

---------------  S Y S T E M  ---------------

OS:
 Windows 11 , 64 bit Build 26100 (10.0.26100.7705)
OS uptime: 9 days 3:13 hours
Hyper-V role detected

CPU: total 12 (initial active 12) (6 cores per cpu, 2 threads per core) family 6 model 186 stepping 3 microcode 0x4128, cx8, cmov, fxsr, ht, mmx, 3dnowpref, sse, sse2, sse3, ssse3, sse4.1, sse4.2, popcnt, lzcnt, tsc, tscinvbit, avx, avx2, aes, erms, clmul, bmi1, bmi2, adx, sha, fma, vzeroupper, clflush, clflushopt, clwb, hv, serialize, rdtscp, rdpid, fsrm, f16c, cet_ibt, cet_ss
Processor Information for processor 0
  Max Mhz: 1600, Current Mhz: 1600, Mhz Limit: 1600
Processor Information for processor 1
  Max Mhz: 1600, Current Mhz: 1600, Mhz Limit: 1600
Processor Information for processor 2
  Max Mhz: 1600, Current Mhz: 1600, Mhz Limit: 1600
Processor Information for processor 3
  Max Mhz: 1600, Current Mhz: 1600, Mhz Limit: 1600
Processor Information for processor 4
  Max Mhz: 1600, Current Mhz: 1600, Mhz Limit: 1600
Processor Information for processor 5
  Max Mhz: 1600, Current Mhz: 1600, Mhz Limit: 1600
Processor Information for processor 6
  Max Mhz: 1600, Current Mhz: 1600, Mhz Limit: 1600
Processor Information for processor 7
  Max Mhz: 1600, Current Mhz: 1600, Mhz Limit: 1600
Processor Information for processor 8
  Max Mhz: 1600, Current Mhz: 1600, Mhz Limit: 1600
Processor Information for processor 9
  Max Mhz: 1600, Current Mhz: 1600, Mhz Limit: 1600
Processor Information for processor 10
  Max Mhz: 1600, Current Mhz: 1600, Mhz Limit: 1600
Processor Information for processor 11
  Max Mhz: 1600, Current Mhz: 1466, Mhz Limit: 1600

Memory: 4k page, system-wide physical 16068M (1855M free)
TotalPageFile size 41551M (AvailPageFile size 10M)
current process WorkingSet (physical memory assigned to process): 133M, peak: 133M
current process commit charge ("private bytes"): 278M, peak: 279M

vm_info: OpenJDK 64-Bit Server VM (21.0.11+10-LTS) for windows-amd64 JRE (21.0.11+10-LTS), built on 2026-04-21T00:00:00Z by "admin" with MS VC++ 17.12 (VS2022)

END.
